******************************************************************************
                  TI ARM Linker PC v20.2.7                     
******************************************************************************
>> Linked Sat Aug  3 11:37:59 2024

OUTPUT FILE NAME:   <ARM_FINAL_PROJECT_APP1.out>
ENTRY POINT SYMBOL: "_c_int00_noargs"  address: 00000a45


MEMORY CONFIGURATION

         name            origin    length      used     unused   attr    fill
----------------------  --------  ---------  --------  --------  ----  --------
  FLASH                 00000000   00040000  00000aca  0003f536  R  X
  SRAM                  20000000   00008000  00000205  00007dfb  RW X


SEGMENT ALLOCATION MAP

run origin  load origin   length   init length attrs members
----------  ----------- ---------- ----------- ----- -------
00000000    00000000    00000ad0   00000ad0    r-x
  00000000    00000000    0000026c   0000026c    r-- .intvecs
  0000026c    0000026c    00000846   00000846    r-x .text
  00000ab8    00000ab8    00000018   00000018    r-- .cinit
20000000    20000000    00000205   00000000    rw-
  20000000    20000000    00000200   00000000    rw- .stack
  20000200    20000200    00000005   00000000    rw- .data


SECTION ALLOCATION MAP

 output                                  attributes/
section   page    origin      length       input sections
--------  ----  ----------  ----------   ----------------
.intvecs   0    00000000    0000026c     
                  00000000    0000026c     tm4c123gh6pm_startup_ccs.obj (.intvecs)

.text      0    0000026c    00000846     
                  0000026c    0000039c     NVIC.obj (.text)
                  00000608    0000021c     main.obj (.text)
                  00000824    000000d8     SysTick.obj (.text)
                  000008fc    0000009c     rtsv7M4_T_le_v4SPD16_eabi.lib : memcpy_t2.asm.obj (.text)
                  00000998    00000068                                   : copy_decompress_lzss.c.obj (.text:decompress:lzss:__TI_decompress_lzss)
                  00000a00    00000044                                   : autoinit.c.obj (.text:__TI_auto_init_nobinit_nopinit:__TI_auto_init_nobinit_nopinit)
                  00000a44    00000034                                   : boot_cortex_m.c.obj (.text:_c_int00_noargs:_c_int00_noargs)
                  00000a78    00000018                                   : ll_mul_t2.asm.obj (.text)
                  00000a90    0000000e                                   : copy_decompress_none.c.obj (.text:decompress:none:__TI_decompress_none)
                  00000a9e    0000000c     tm4c123gh6pm_startup_ccs.obj (.text)
                  00000aaa    00000004     rtsv7M4_T_le_v4SPD16_eabi.lib : pre_init.c.obj (.text:_system_pre_init)
                  00000aae    00000004                                   : exit.c.obj (.text:abort:abort)

.cinit     0    00000ab8    00000018     
                  00000ab8    00000008     (__TI_handler_table)
                  00000ac0    00000007     (.cinit..data.load) [load image, compression = lzss]
                  00000ac7    00000001     --HOLE-- [fill = 0]
                  00000ac8    00000008     (__TI_cinit_table)

.init_array 
*          0    00000000    00000000     UNINITIALIZED

.data      0    20000200    00000005     UNINITIALIZED
                  20000200    00000004     SysTick.obj (.data)
                  20000204    00000001     main.obj (.data)

.stack     0    20000000    00000200     UNINITIALIZED
                  20000000    00000004     rtsv7M4_T_le_v4SPD16_eabi.lib : boot_cortex_m.c.obj (.stack)
                  20000004    000001fc     --HOLE--

__llvm_prf_cnts 
*          0    20000000    00000000     UNINITIALIZED

MODULE SUMMARY

       Module                         code   ro data   rw data
       ------                         ----   -------   -------
    .\
       NVIC.obj                       924    0         0      
       tm4c123gh6pm_startup_ccs.obj   12     620       0      
       main.obj                       540    0         1      
       SysTick.obj                    216    0         4      
    +--+------------------------------+------+---------+---------+
       Total:                         1692   620       5      
                                                              
    C:\ti\ccs1271\ccs\tools\compiler\ti-cgt-arm_20.2.7.LTS\lib\rtsv7M4_T_le_v4SPD16_eabi.lib
       memcpy_t2.asm.obj              156    0         0      
       copy_decompress_lzss.c.obj     104    0         0      
       autoinit.c.obj                 68     0         0      
       boot_cortex_m.c.obj            52     0         0      
       ll_mul_t2.asm.obj              24     0         0      
       copy_decompress_none.c.obj     14     0         0      
       exit.c.obj                     4      0         0      
       pre_init.c.obj                 4      0         0      
    +--+------------------------------+------+---------+---------+
       Total:                         426    0         0      
                                                              
       Stack:                         0      0         512    
       Linker Generated:              0      23        0      
    +--+------------------------------+------+---------+---------+
       Grand Total:                   2118   643       517    


LINKER GENERATED COPY TABLES

__TI_cinit_table @ 00000ac8 records: 1, size/record: 8, table size: 8
	.data: load addr=00000ac0, load size=00000007 bytes, run addr=20000200, run size=00000005 bytes, compression=lzss


LINKER GENERATED HANDLER TABLE

__TI_handler_table @ 00000ab8 records: 2, size/record: 4, table size: 8
	index: 0, handler: __TI_decompress_lzss
	index: 1, handler: __TI_decompress_none


GLOBAL SYMBOLS: SORTED ALPHABETICALLY BY Name 

address   name                          
-------   ----                          
00000aaf  C$$EXIT                       
00000609  Delay_MS                      
00000649  GPIOPortF_Handler             
00000709  Leds_Init                     
00000483  NVIC_DisableException         
00000303  NVIC_DisableIRQ               
00000405  NVIC_EnableException          
0000026d  NVIC_EnableIRQ                
000004eb  NVIC_SetPriorityException     
00000399  NVIC_SetPriorityIRQ           
00000a9f  ResetISR                      
00000679  SW2_Init                      
00000747  SysTick_CallBackFunc          
000008cd  SysTick_DeInit                
00000895  SysTick_Handler               
00000825  SysTick_Init                  
000008a5  SysTick_SetCallBack           
000008c1  SysTick_Start                 
00000859  SysTick_StartBusyWait         
000008b5  SysTick_Stop                  
20000200  __STACK_END                   
00000200  __STACK_SIZE                  
20000200  __STACK_TOP                   
00000ac8  __TI_CINIT_Base               
00000ad0  __TI_CINIT_Limit              
00000ab8  __TI_Handler_Table_Base       
00000ac0  __TI_Handler_Table_Limit      
00000a01  __TI_auto_init_nobinit_nopinit
00000999  __TI_decompress_lzss          
00000a91  __TI_decompress_none          
ffffffff  __TI_pprof_out_hndl           
ffffffff  __TI_prof_data_size           
ffffffff  __TI_prof_data_start          
00000000  __TI_static_base__            
00000a79  __aeabi_lmul                  
000008fd  __aeabi_memcpy                
000008fd  __aeabi_memcpy4               
000008fd  __aeabi_memcpy8               
ffffffff  __binit__                     
ffffffff  __c_args__                    
UNDEFED   __mpu_init                    
20000000  __stack                       
20000000  __start___llvm_prf_cnts       
20000000  __stop___llvm_prf_cnts        
00000a45  _c_int00_noargs               
UNDEFED   _system_post_cinit            
00000aab  _system_pre_init              
00000aaf  abort                         
ffffffff  binit                         
20000200  g_CallBackPtr                 
20000204  g_Counter                     
00000000  g_pfnVectors                  
000007a1  main                          
000008fd  memcpy                        


GLOBAL SYMBOLS: SORTED BY Symbol Address 

address   name                          
-------   ----                          
00000000  __TI_static_base__            
00000000  g_pfnVectors                  
00000200  __STACK_SIZE                  
0000026d  NVIC_EnableIRQ                
00000303  NVIC_DisableIRQ               
00000399  NVIC_SetPriorityIRQ           
00000405  NVIC_EnableException          
00000483  NVIC_DisableException         
000004eb  NVIC_SetPriorityException     
00000609  Delay_MS                      
00000649  GPIOPortF_Handler             
00000679  SW2_Init                      
00000709  Leds_Init                     
00000747  SysTick_CallBackFunc          
000007a1  main                          
00000825  SysTick_Init                  
00000859  SysTick_StartBusyWait         
00000895  SysTick_Handler               
000008a5  SysTick_SetCallBack           
000008b5  SysTick_Stop                  
000008c1  SysTick_Start                 
000008cd  SysTick_DeInit                
000008fd  __aeabi_memcpy                
000008fd  __aeabi_memcpy4               
000008fd  __aeabi_memcpy8               
000008fd  memcpy                        
00000999  __TI_decompress_lzss          
00000a01  __TI_auto_init_nobinit_nopinit
00000a45  _c_int00_noargs               
00000a79  __aeabi_lmul                  
00000a91  __TI_decompress_none          
00000a9f  ResetISR                      
00000aab  _system_pre_init              
00000aaf  C$$EXIT                       
00000aaf  abort                         
00000ab8  __TI_Handler_Table_Base       
00000ac0  __TI_Handler_Table_Limit      
00000ac8  __TI_CINIT_Base               
00000ad0  __TI_CINIT_Limit              
20000000  __stack                       
20000000  __start___llvm_prf_cnts       
20000000  __stop___llvm_prf_cnts        
20000200  __STACK_END                   
20000200  __STACK_TOP                   
20000200  g_CallBackPtr                 
20000204  g_Counter                     
ffffffff  __TI_pprof_out_hndl           
ffffffff  __TI_prof_data_size           
ffffffff  __TI_prof_data_start          
ffffffff  __binit__                     
ffffffff  __c_args__                    
ffffffff  binit                         
UNDEFED   __mpu_init                    
UNDEFED   _system_post_cinit            

[54 symbols]
