<?xml version="1.0" encoding="ISO-8859-1" ?>
<link_info>
   <banner>TI ARM Linker PC v20.2.7.LTS</banner>
   <copyright>Copyright (c) 1996-2018 Texas Instruments Incorporated</copyright>
   <link_time>0x66ade561</link_time>
   <link_errors>0x0</link_errors>
   <output_file>ARM_FINAL_PROJECT.out</output_file>
   <entry_point>
      <name>_c_int00_noargs</name>
      <address>0x1935</address>
   </entry_point>
   <input_file_list>
      <input_file id="fl-2">
         <path>.\</path>
         <kind>object</kind>
         <file>NVIC.obj</file>
         <name>NVIC.obj</name>
      </input_file>
      <input_file id="fl-3">
         <path>.\</path>
         <kind>object</kind>
         <file>SysTick.obj</file>
         <name>SysTick.obj</name>
      </input_file>
      <input_file id="fl-4">
         <path>.\</path>
         <kind>object</kind>
         <file>main.obj</file>
         <name>main.obj</name>
      </input_file>
      <input_file id="fl-5">
         <path>.\</path>
         <kind>object</kind>
         <file>tm4c123gh6pm_startup_ccs.obj</file>
         <name>tm4c123gh6pm_startup_ccs.obj</name>
      </input_file>
      <input_file id="fl-9">
         <kind>object</kind>
         <file>&lt;internal&gt;</file>
         <name>&lt;internal&gt;</name>
      </input_file>
      <input_file id="fl-bf">
         <path>C:\ti\ccs1271\ccs\tools\compiler\ti-cgt-arm_20.2.7.LTS\lib\</path>
         <kind>archive</kind>
         <file>rtsv7M4_T_le_v4SPD16_eabi.lib</file>
         <name>copy_zero_init.c.obj</name>
      </input_file>
      <input_file id="fl-c0">
         <path>C:\ti\ccs1271\ccs\tools\compiler\ti-cgt-arm_20.2.7.LTS\lib\</path>
         <kind>archive</kind>
         <file>rtsv7M4_T_le_v4SPD16_eabi.lib</file>
         <name>copy_decompress_none.c.obj</name>
      </input_file>
      <input_file id="fl-c1">
         <path>C:\ti\ccs1271\ccs\tools\compiler\ti-cgt-arm_20.2.7.LTS\lib\</path>
         <kind>archive</kind>
         <file>rtsv7M4_T_le_v4SPD16_eabi.lib</file>
         <name>copy_decompress_lzss.c.obj</name>
      </input_file>
      <input_file id="fl-c2">
         <path>C:\ti\ccs1271\ccs\tools\compiler\ti-cgt-arm_20.2.7.LTS\lib\</path>
         <kind>archive</kind>
         <file>rtsv7M4_T_le_v4SPD16_eabi.lib</file>
         <name>assert.c.obj</name>
      </input_file>
      <input_file id="fl-c3">
         <path>C:\ti\ccs1271\ccs\tools\compiler\ti-cgt-arm_20.2.7.LTS\lib\</path>
         <kind>archive</kind>
         <file>rtsv7M4_T_le_v4SPD16_eabi.lib</file>
         <name>defs.c.obj</name>
      </input_file>
      <input_file id="fl-c4">
         <path>C:\ti\ccs1271\ccs\tools\compiler\ti-cgt-arm_20.2.7.LTS\lib\</path>
         <kind>archive</kind>
         <file>rtsv7M4_T_le_v4SPD16_eabi.lib</file>
         <name>boot_cortex_m.c.obj</name>
      </input_file>
      <input_file id="fl-c5">
         <path>C:\ti\ccs1271\ccs\tools\compiler\ti-cgt-arm_20.2.7.LTS\lib\</path>
         <kind>archive</kind>
         <file>rtsv7M4_T_le_v4SPD16_eabi.lib</file>
         <name>fflush.c.obj</name>
      </input_file>
      <input_file id="fl-c6">
         <path>C:\ti\ccs1271\ccs\tools\compiler\ti-cgt-arm_20.2.7.LTS\lib\</path>
         <kind>archive</kind>
         <file>rtsv7M4_T_le_v4SPD16_eabi.lib</file>
         <name>fputs.c.obj</name>
      </input_file>
      <input_file id="fl-c7">
         <path>C:\ti\ccs1271\ccs\tools\compiler\ti-cgt-arm_20.2.7.LTS\lib\</path>
         <kind>archive</kind>
         <file>rtsv7M4_T_le_v4SPD16_eabi.lib</file>
         <name>_io_perm.c.obj</name>
      </input_file>
      <input_file id="fl-c8">
         <path>C:\ti\ccs1271\ccs\tools\compiler\ti-cgt-arm_20.2.7.LTS\lib\</path>
         <kind>archive</kind>
         <file>rtsv7M4_T_le_v4SPD16_eabi.lib</file>
         <name>setvbuf.c.obj</name>
      </input_file>
      <input_file id="fl-c9">
         <path>C:\ti\ccs1271\ccs\tools\compiler\ti-cgt-arm_20.2.7.LTS\lib\</path>
         <kind>archive</kind>
         <file>rtsv7M4_T_le_v4SPD16_eabi.lib</file>
         <name>memcpy_t2.asm.obj</name>
      </input_file>
      <input_file id="fl-ca">
         <path>C:\ti\ccs1271\ccs\tools\compiler\ti-cgt-arm_20.2.7.LTS\lib\</path>
         <kind>archive</kind>
         <file>rtsv7M4_T_le_v4SPD16_eabi.lib</file>
         <name>memset_t2.asm.obj</name>
      </input_file>
      <input_file id="fl-cb">
         <path>C:\ti\ccs1271\ccs\tools\compiler\ti-cgt-arm_20.2.7.LTS\lib\</path>
         <kind>archive</kind>
         <file>rtsv7M4_T_le_v4SPD16_eabi.lib</file>
         <name>autoinit.c.obj</name>
      </input_file>
      <input_file id="fl-cc">
         <path>C:\ti\ccs1271\ccs\tools\compiler\ti-cgt-arm_20.2.7.LTS\lib\</path>
         <kind>archive</kind>
         <file>rtsv7M4_T_le_v4SPD16_eabi.lib</file>
         <name>pre_init.c.obj</name>
      </input_file>
      <input_file id="fl-cd">
         <path>C:\ti\ccs1271\ccs\tools\compiler\ti-cgt-arm_20.2.7.LTS\lib\</path>
         <kind>archive</kind>
         <file>rtsv7M4_T_le_v4SPD16_eabi.lib</file>
         <name>cpy_tbl.c.obj</name>
      </input_file>
      <input_file id="fl-ce">
         <path>C:\ti\ccs1271\ccs\tools\compiler\ti-cgt-arm_20.2.7.LTS\lib\</path>
         <kind>archive</kind>
         <file>rtsv7M4_T_le_v4SPD16_eabi.lib</file>
         <name>exit.c.obj</name>
      </input_file>
      <input_file id="fl-cf">
         <path>C:\ti\ccs1271\ccs\tools\compiler\ti-cgt-arm_20.2.7.LTS\lib\</path>
         <kind>archive</kind>
         <file>rtsv7M4_T_le_v4SPD16_eabi.lib</file>
         <name>_lock.c.obj</name>
      </input_file>
      <input_file id="fl-d0">
         <path>C:\ti\ccs1271\ccs\tools\compiler\ti-cgt-arm_20.2.7.LTS\lib\</path>
         <kind>archive</kind>
         <file>rtsv7M4_T_le_v4SPD16_eabi.lib</file>
         <name>args_main.c.obj</name>
      </input_file>
      <input_file id="fl-d1">
         <path>C:\ti\ccs1271\ccs\tools\compiler\ti-cgt-arm_20.2.7.LTS\lib\</path>
         <kind>archive</kind>
         <file>rtsv7M4_T_le_v4SPD16_eabi.lib</file>
         <name>memchr.c.obj</name>
      </input_file>
      <input_file id="fl-d2">
         <path>C:\ti\ccs1271\ccs\tools\compiler\ti-cgt-arm_20.2.7.LTS\lib\</path>
         <kind>archive</kind>
         <file>rtsv7M4_T_le_v4SPD16_eabi.lib</file>
         <name>memory.c.obj</name>
      </input_file>
      <input_file id="fl-d3">
         <path>C:\ti\ccs1271\ccs\tools\compiler\ti-cgt-arm_20.2.7.LTS\lib\</path>
         <kind>archive</kind>
         <file>rtsv7M4_T_le_v4SPD16_eabi.lib</file>
         <name>strlen.c.obj</name>
      </input_file>
      <input_file id="fl-d4">
         <path>C:\ti\ccs1271\ccs\tools\compiler\ti-cgt-arm_20.2.7.LTS\lib\</path>
         <kind>archive</kind>
         <file>rtsv7M4_T_le_v4SPD16_eabi.lib</file>
         <name>write.c.obj</name>
      </input_file>
      <input_file id="fl-d5">
         <path>C:\ti\ccs1271\ccs\tools\compiler\ti-cgt-arm_20.2.7.LTS\lib\</path>
         <kind>archive</kind>
         <file>rtsv7M4_T_le_v4SPD16_eabi.lib</file>
         <name>host_device.c.obj</name>
      </input_file>
      <input_file id="fl-d6">
         <path>C:\ti\ccs1271\ccs\tools\compiler\ti-cgt-arm_20.2.7.LTS\lib\</path>
         <kind>archive</kind>
         <file>rtsv7M4_T_le_v4SPD16_eabi.lib</file>
         <name>fopen.c.obj</name>
      </input_file>
      <input_file id="fl-d7">
         <path>C:\ti\ccs1271\ccs\tools\compiler\ti-cgt-arm_20.2.7.LTS\lib\</path>
         <kind>archive</kind>
         <file>rtsv7M4_T_le_v4SPD16_eabi.lib</file>
         <name>fseek.c.obj</name>
      </input_file>
      <input_file id="fl-d8">
         <path>C:\ti\ccs1271\ccs\tools\compiler\ti-cgt-arm_20.2.7.LTS\lib\</path>
         <kind>archive</kind>
         <file>rtsv7M4_T_le_v4SPD16_eabi.lib</file>
         <name>hostclose.c.obj</name>
      </input_file>
      <input_file id="fl-d9">
         <path>C:\ti\ccs1271\ccs\tools\compiler\ti-cgt-arm_20.2.7.LTS\lib\</path>
         <kind>archive</kind>
         <file>rtsv7M4_T_le_v4SPD16_eabi.lib</file>
         <name>hostlseek.c.obj</name>
      </input_file>
      <input_file id="fl-da">
         <path>C:\ti\ccs1271\ccs\tools\compiler\ti-cgt-arm_20.2.7.LTS\lib\</path>
         <kind>archive</kind>
         <file>rtsv7M4_T_le_v4SPD16_eabi.lib</file>
         <name>hostopen.c.obj</name>
      </input_file>
      <input_file id="fl-db">
         <path>C:\ti\ccs1271\ccs\tools\compiler\ti-cgt-arm_20.2.7.LTS\lib\</path>
         <kind>archive</kind>
         <file>rtsv7M4_T_le_v4SPD16_eabi.lib</file>
         <name>hostread.c.obj</name>
      </input_file>
      <input_file id="fl-dc">
         <path>C:\ti\ccs1271\ccs\tools\compiler\ti-cgt-arm_20.2.7.LTS\lib\</path>
         <kind>archive</kind>
         <file>rtsv7M4_T_le_v4SPD16_eabi.lib</file>
         <name>hostrename.c.obj</name>
      </input_file>
      <input_file id="fl-dd">
         <path>C:\ti\ccs1271\ccs\tools\compiler\ti-cgt-arm_20.2.7.LTS\lib\</path>
         <kind>archive</kind>
         <file>rtsv7M4_T_le_v4SPD16_eabi.lib</file>
         <name>hostunlink.c.obj</name>
      </input_file>
      <input_file id="fl-de">
         <path>C:\ti\ccs1271\ccs\tools\compiler\ti-cgt-arm_20.2.7.LTS\lib\</path>
         <kind>archive</kind>
         <file>rtsv7M4_T_le_v4SPD16_eabi.lib</file>
         <name>hostwrite.c.obj</name>
      </input_file>
      <input_file id="fl-df">
         <path>C:\ti\ccs1271\ccs\tools\compiler\ti-cgt-arm_20.2.7.LTS\lib\</path>
         <kind>archive</kind>
         <file>rtsv7M4_T_le_v4SPD16_eabi.lib</file>
         <name>trgmsg.c.obj</name>
      </input_file>
      <input_file id="fl-e0">
         <path>C:\ti\ccs1271\ccs\tools\compiler\ti-cgt-arm_20.2.7.LTS\lib\</path>
         <kind>archive</kind>
         <file>rtsv7M4_T_le_v4SPD16_eabi.lib</file>
         <name>open.c.obj</name>
      </input_file>
      <input_file id="fl-e1">
         <path>C:\ti\ccs1271\ccs\tools\compiler\ti-cgt-arm_20.2.7.LTS\lib\</path>
         <kind>archive</kind>
         <file>rtsv7M4_T_le_v4SPD16_eabi.lib</file>
         <name>lseek.c.obj</name>
      </input_file>
      <input_file id="fl-e2">
         <path>C:\ti\ccs1271\ccs\tools\compiler\ti-cgt-arm_20.2.7.LTS\lib\</path>
         <kind>archive</kind>
         <file>rtsv7M4_T_le_v4SPD16_eabi.lib</file>
         <name>fclose.c.obj</name>
      </input_file>
      <input_file id="fl-e3">
         <path>C:\ti\ccs1271\ccs\tools\compiler\ti-cgt-arm_20.2.7.LTS\lib\</path>
         <kind>archive</kind>
         <file>rtsv7M4_T_le_v4SPD16_eabi.lib</file>
         <name>getdevice.c.obj</name>
      </input_file>
      <input_file id="fl-e4">
         <path>C:\ti\ccs1271\ccs\tools\compiler\ti-cgt-arm_20.2.7.LTS\lib\</path>
         <kind>archive</kind>
         <file>rtsv7M4_T_le_v4SPD16_eabi.lib</file>
         <name>strchr.c.obj</name>
      </input_file>
      <input_file id="fl-e5">
         <path>C:\ti\ccs1271\ccs\tools\compiler\ti-cgt-arm_20.2.7.LTS\lib\</path>
         <kind>archive</kind>
         <file>rtsv7M4_T_le_v4SPD16_eabi.lib</file>
         <name>strcmp.c.obj</name>
      </input_file>
      <input_file id="fl-e6">
         <path>C:\ti\ccs1271\ccs\tools\compiler\ti-cgt-arm_20.2.7.LTS\lib\</path>
         <kind>archive</kind>
         <file>rtsv7M4_T_le_v4SPD16_eabi.lib</file>
         <name>strcpy.c.obj</name>
      </input_file>
      <input_file id="fl-e7">
         <path>C:\ti\ccs1271\ccs\tools\compiler\ti-cgt-arm_20.2.7.LTS\lib\</path>
         <kind>archive</kind>
         <file>rtsv7M4_T_le_v4SPD16_eabi.lib</file>
         <name>strncpy.c.obj</name>
      </input_file>
      <input_file id="fl-e8">
         <path>C:\ti\ccs1271\ccs\tools\compiler\ti-cgt-arm_20.2.7.LTS\lib\</path>
         <kind>archive</kind>
         <file>rtsv7M4_T_le_v4SPD16_eabi.lib</file>
         <name>remove.c.obj</name>
      </input_file>
      <input_file id="fl-e9">
         <path>C:\ti\ccs1271\ccs\tools\compiler\ti-cgt-arm_20.2.7.LTS\lib\</path>
         <kind>archive</kind>
         <file>rtsv7M4_T_le_v4SPD16_eabi.lib</file>
         <name>close.c.obj</name>
      </input_file>
      <input_file id="fl-ea">
         <path>C:\ti\ccs1271\ccs\tools\compiler\ti-cgt-arm_20.2.7.LTS\lib\</path>
         <kind>archive</kind>
         <file>rtsv7M4_T_le_v4SPD16_eabi.lib</file>
         <name>unlink.c.obj</name>
      </input_file>
   </input_file_list>
   <object_component_list>
      <object_component id="oc-12">
         <name>.intvecs</name>
         <load_address>0x0</load_address>
         <run_address>0x0</run_address>
         <size>0x26c</size>
         <input_file_ref idref="fl-5"/>
      </object_component>
      <object_component id="oc-a2">
         <name>.text</name>
         <load_address>0x26c</load_address>
         <run_address>0x26c</run_address>
         <size>0x69c</size>
         <input_file_ref idref="fl-4"/>
      </object_component>
      <object_component id="oc-d5">
         <name>.text</name>
         <load_address>0x908</load_address>
         <run_address>0x908</run_address>
         <size>0x398</size>
         <input_file_ref idref="fl-2"/>
      </object_component>
      <object_component id="oc-133">
         <name>.text:fputs</name>
         <load_address>0xca0</load_address>
         <run_address>0xca0</run_address>
         <size>0x114</size>
         <input_file_ref idref="fl-c6"/>
      </object_component>
      <object_component id="oc-239">
         <name>.text:aligned_alloc</name>
         <load_address>0xdb4</load_address>
         <run_address>0xdb4</run_address>
         <size>0x100</size>
         <input_file_ref idref="fl-d2"/>
      </object_component>
      <object_component id="oc-1f7">
         <name>.text:free</name>
         <load_address>0xeb4</load_address>
         <run_address>0xeb4</run_address>
         <size>0xe4</size>
         <input_file_ref idref="fl-d2"/>
      </object_component>
      <object_component id="oc-1c6">
         <name>.text:setvbuf</name>
         <load_address>0xf98</load_address>
         <run_address>0xf98</run_address>
         <size>0xdc</size>
         <input_file_ref idref="fl-c8"/>
      </object_component>
      <object_component id="oc-e2">
         <name>.text</name>
         <load_address>0x1074</load_address>
         <run_address>0x1074</run_address>
         <size>0xd8</size>
         <input_file_ref idref="fl-3"/>
      </object_component>
      <object_component id="oc-3e">
         <name>.text</name>
         <load_address>0x114c</load_address>
         <run_address>0x114c</run_address>
         <size>0x9c</size>
         <input_file_ref idref="fl-c9"/>
      </object_component>
      <object_component id="oc-139">
         <name>.text:fflush</name>
         <load_address>0x11e8</load_address>
         <run_address>0x11e8</run_address>
         <size>0x7c</size>
         <input_file_ref idref="fl-c5"/>
      </object_component>
      <object_component id="oc-240">
         <name>.text:__TI_closefile</name>
         <load_address>0x1264</load_address>
         <run_address>0x1264</run_address>
         <size>0x74</size>
         <input_file_ref idref="fl-e2"/>
      </object_component>
      <object_component id="oc-27e">
         <name>.text:split</name>
         <load_address>0x12d8</load_address>
         <run_address>0x12d8</run_address>
         <size>0x70</size>
         <input_file_ref idref="fl-d2"/>
      </object_component>
      <object_component id="oc-26d">
         <name>.text:HOSTrename</name>
         <load_address>0x1348</load_address>
         <run_address>0x1348</run_address>
         <size>0x6c</size>
         <input_file_ref idref="fl-dc"/>
      </object_component>
      <object_component id="oc-261">
         <name>.text:HOSTlseek</name>
         <load_address>0x13b4</load_address>
         <run_address>0x13b4</run_address>
         <size>0x68</size>
         <input_file_ref idref="fl-d9"/>
      </object_component>
      <object_component id="oc-15">
         <name>.text:decompress:lzss:__TI_decompress_lzss</name>
         <load_address>0x141c</load_address>
         <run_address>0x141c</run_address>
         <size>0x68</size>
         <input_file_ref idref="fl-c1"/>
      </object_component>
      <object_component id="oc-1c0">
         <name>.text:fseek</name>
         <load_address>0x1484</load_address>
         <run_address>0x1484</run_address>
         <size>0x64</size>
         <input_file_ref idref="fl-d7"/>
      </object_component>
      <object_component id="oc-16b">
         <name>.text:__TI_wrt_ok</name>
         <load_address>0x14e8</load_address>
         <run_address>0x14e8</run_address>
         <size>0x62</size>
         <input_file_ref idref="fl-c7"/>
      </object_component>
      <object_component id="oc-1a1">
         <name>.text:_nop</name>
         <load_address>0x154a</load_address>
         <run_address>0x154a</run_address>
         <size>0x2</size>
         <input_file_ref idref="fl-cf"/>
      </object_component>
      <object_component id="oc-249">
         <name>.text:HOSTopen</name>
         <load_address>0x154c</load_address>
         <run_address>0x154c</run_address>
         <size>0x60</size>
         <input_file_ref idref="fl-da"/>
      </object_component>
      <object_component id="oc-285">
         <name>.text:close</name>
         <load_address>0x15ac</load_address>
         <run_address>0x15ac</run_address>
         <size>0x5c</size>
         <input_file_ref idref="fl-e9"/>
      </object_component>
      <object_component id="oc-255">
         <name>.text:HOSTread</name>
         <load_address>0x1608</load_address>
         <run_address>0x1608</run_address>
         <size>0x58</size>
         <input_file_ref idref="fl-db"/>
      </object_component>
      <object_component id="oc-25b">
         <name>.text:HOSTwrite</name>
         <load_address>0x1660</load_address>
         <run_address>0x1660</run_address>
         <size>0x58</size>
         <input_file_ref idref="fl-de"/>
      </object_component>
      <object_component id="oc-17d">
         <name>.text:__TI_doflush</name>
         <load_address>0x16b8</load_address>
         <run_address>0x16b8</run_address>
         <size>0x4c</size>
         <input_file_ref idref="fl-c5"/>
      </object_component>
      <object_component id="oc-ef">
         <name>.text:exit</name>
         <load_address>0x1704</load_address>
         <run_address>0x1704</run_address>
         <size>0x48</size>
         <input_file_ref idref="fl-ce"/>
      </object_component>
      <object_component id="oc-24f">
         <name>.text:HOSTclose</name>
         <load_address>0x174c</load_address>
         <run_address>0x174c</run_address>
         <size>0x44</size>
         <input_file_ref idref="fl-d8"/>
      </object_component>
      <object_component id="oc-267">
         <name>.text:HOSTunlink</name>
         <load_address>0x1790</load_address>
         <run_address>0x1790</run_address>
         <size>0x44</size>
         <input_file_ref idref="fl-dd"/>
      </object_component>
      <object_component id="oc-f5">
         <name>.text:__TI_auto_init_nobinit_nopinit:__TI_auto_init_nobinit_nopinit</name>
         <load_address>0x17d4</load_address>
         <run_address>0x17d4</run_address>
         <size>0x44</size>
         <input_file_ref idref="fl-cb"/>
      </object_component>
      <object_component id="oc-2bb">
         <name>.text:getdevice</name>
         <load_address>0x1818</load_address>
         <run_address>0x1818</run_address>
         <size>0x44</size>
         <input_file_ref idref="fl-e3"/>
      </object_component>
      <object_component id="oc-294">
         <name>.text:__TI_writemsg</name>
         <load_address>0x185c</load_address>
         <run_address>0x185c</run_address>
         <size>0x38</size>
         <input_file_ref idref="fl-df"/>
      </object_component>
      <object_component id="oc-2e3">
         <name>.text:strncpy</name>
         <load_address>0x1894</load_address>
         <run_address>0x1894</run_address>
         <size>0x36</size>
         <input_file_ref idref="fl-e7"/>
      </object_component>
      <object_component id="oc-203">
         <name>.text:__TI_cleanup</name>
         <load_address>0x18cc</load_address>
         <run_address>0x18cc</run_address>
         <size>0x34</size>
         <input_file_ref idref="fl-d6"/>
      </object_component>
      <object_component id="oc-29a">
         <name>.text:__TI_readmsg</name>
         <load_address>0x1900</load_address>
         <run_address>0x1900</run_address>
         <size>0x34</size>
         <input_file_ref idref="fl-df"/>
      </object_component>
      <object_component id="oc-5c">
         <name>.text:_c_int00_noargs:_c_int00_noargs</name>
         <load_address>0x1934</load_address>
         <run_address>0x1934</run_address>
         <size>0x34</size>
         <input_file_ref idref="fl-c4"/>
      </object_component>
      <object_component id="oc-2e9">
         <name>.text:finddevice</name>
         <load_address>0x1968</load_address>
         <run_address>0x1968</run_address>
         <size>0x30</size>
         <input_file_ref idref="fl-e3"/>
      </object_component>
      <object_component id="oc-28b">
         <name>.text:unlink</name>
         <load_address>0x1998</load_address>
         <run_address>0x1998</run_address>
         <size>0x2c</size>
         <input_file_ref idref="fl-ea"/>
      </object_component>
      <object_component id="oc-232">
         <name>.text:free_list_insert</name>
         <load_address>0x19c4</load_address>
         <run_address>0x19c4</run_address>
         <size>0x28</size>
         <input_file_ref idref="fl-d2"/>
      </object_component>
      <object_component id="oc-1ef">
         <name>.text:lseek</name>
         <load_address>0x19ec</load_address>
         <run_address>0x19ec</run_address>
         <size>0x28</size>
         <input_file_ref idref="fl-e1"/>
      </object_component>
      <object_component id="oc-183">
         <name>.text:write</name>
         <load_address>0x1a14</load_address>
         <run_address>0x1a14</run_address>
         <size>0x28</size>
         <input_file_ref idref="fl-d4"/>
      </object_component>
      <object_component id="oc-177">
         <name>.text:memchr</name>
         <load_address>0x1a3c</load_address>
         <run_address>0x1a3c</run_address>
         <size>0x20</size>
         <input_file_ref idref="fl-d1"/>
      </object_component>
      <object_component id="oc-db">
         <name>.text:_abort_msg</name>
         <load_address>0x1a5c</load_address>
         <run_address>0x1a5c</run_address>
         <size>0x1c</size>
         <input_file_ref idref="fl-c2"/>
      </object_component>
      <object_component id="oc-4a">
         <name>.text:decompress:ZI:__TI_zero_init_nomemset:__TI_zero_init_nomemset</name>
         <load_address>0x1a78</load_address>
         <run_address>0x1a78</run_address>
         <size>0x1c</size>
         <input_file_ref idref="fl-bf"/>
      </object_component>
      <object_component id="oc-22c">
         <name>.text:free_list_remove</name>
         <load_address>0x1a94</load_address>
         <run_address>0x1a94</run_address>
         <size>0x1c</size>
         <input_file_ref idref="fl-d2"/>
      </object_component>
      <object_component id="oc-302">
         <name>.text:strcmp</name>
         <load_address>0x1ab0</load_address>
         <run_address>0x1ab0</run_address>
         <size>0x18</size>
         <input_file_ref idref="fl-e5"/>
      </object_component>
      <object_component id="oc-2dd">
         <name>.text:strchr</name>
         <load_address>0x1ac8</load_address>
         <run_address>0x1ac8</run_address>
         <size>0x16</size>
         <input_file_ref idref="fl-e4"/>
      </object_component>
      <object_component id="oc-2ae">
         <name>.text:strcpy</name>
         <load_address>0x1ade</load_address>
         <run_address>0x1ade</run_address>
         <size>0x14</size>
         <input_file_ref idref="fl-e6"/>
      </object_component>
      <object_component id="oc-171">
         <name>.text:strlen</name>
         <load_address>0x1af2</load_address>
         <run_address>0x1af2</run_address>
         <size>0x14</size>
         <input_file_ref idref="fl-d3"/>
      </object_component>
      <object_component id="oc-1b">
         <name>.text:decompress:none:__TI_decompress_none</name>
         <load_address>0x1b06</load_address>
         <run_address>0x1b06</run_address>
         <size>0xe</size>
         <input_file_ref idref="fl-c0"/>
      </object_component>
      <object_component id="oc-2a">
         <name>.text</name>
         <load_address>0x1b14</load_address>
         <run_address>0x1b14</run_address>
         <size>0xc</size>
         <input_file_ref idref="fl-5"/>
      </object_component>
      <object_component id="oc-1fd">
         <name>.text:malloc</name>
         <load_address>0x1b20</load_address>
         <run_address>0x1b20</run_address>
         <size>0x8</size>
         <input_file_ref idref="fl-d2"/>
      </object_component>
      <object_component id="oc-9c">
         <name>.text:_system_pre_init</name>
         <load_address>0x1b28</load_address>
         <run_address>0x1b28</run_address>
         <size>0x4</size>
         <input_file_ref idref="fl-cc"/>
      </object_component>
      <object_component id="oc-e9">
         <name>.text:abort:abort</name>
         <load_address>0x1b2c</load_address>
         <run_address>0x1b2c</run_address>
         <size>0x4</size>
         <input_file_ref idref="fl-ce"/>
      </object_component>
      <object_component id="oc-e1">
         <name>.const:.string</name>
         <load_address>0x1b30</load_address>
         <run_address>0x1b30</run_address>
         <size>0x146</size>
         <input_file_ref idref="fl-4"/>
      </object_component>
      <object_component id="oc-343">
         <name>.cinit..data.load</name>
         <load_address>0x1c78</load_address>
         <run_address>0x1c78</run_address>
         <size>0x68</size>
      </object_component>
      <object_component id="oc-341">
         <name>__TI_handler_table</name>
         <load_address>0x1ce0</load_address>
         <run_address>0x1ce0</run_address>
         <size>0xc</size>
      </object_component>
      <object_component id="oc-344">
         <name>.cinit..bss.load</name>
         <load_address>0x1cf0</load_address>
         <run_address>0x1cf0</run_address>
         <size>0x8</size>
      </object_component>
      <object_component id="oc-342">
         <name>__TI_cinit_table</name>
         <load_address>0x1cf8</load_address>
         <run_address>0x1cf8</run_address>
         <size>0x10</size>
      </object_component>
      <object_component id="oc-144">
         <name>.data</name>
         <load_address>0x200003e4</load_address>
         <run_address>0x200003e4</run_address>
         <size>0x4</size>
         <input_file_ref idref="fl-3"/>
      </object_component>
      <object_component id="oc-13f">
         <name>.data:_ftable</name>
         <load_address>0x20000200</load_address>
         <run_address>0x20000200</run_address>
         <size>0xf0</size>
         <input_file_ref idref="fl-c3"/>
      </object_component>
      <object_component id="oc-18b">
         <name>.data</name>
         <load_address>0x200003b8</load_address>
         <run_address>0x200003b8</run_address>
         <size>0x10</size>
         <input_file_ref idref="fl-c3"/>
      </object_component>
      <object_component id="oc-14a">
         <name>.data:$O1$$</name>
         <load_address>0x200003c8</load_address>
         <run_address>0x200003c8</run_address>
         <size>0xc</size>
         <input_file_ref idref="fl-ce"/>
      </object_component>
      <object_component id="oc-14d">
         <name>.data:$O1$$</name>
         <load_address>0x200003d4</load_address>
         <run_address>0x200003d4</run_address>
         <size>0x8</size>
         <input_file_ref idref="fl-cf"/>
      </object_component>
      <object_component id="oc-279">
         <name>.data:$O1$$</name>
         <load_address>0x200003dc</load_address>
         <run_address>0x200003dc</run_address>
         <size>0x8</size>
         <input_file_ref idref="fl-d2"/>
      </object_component>
      <object_component id="oc-216">
         <name>.data:_device</name>
         <load_address>0x200002f0</load_address>
         <run_address>0x200002f0</run_address>
         <size>0x78</size>
         <input_file_ref idref="fl-d5"/>
      </object_component>
      <object_component id="oc-1d3">
         <name>.data:_stream</name>
         <load_address>0x20000368</load_address>
         <run_address>0x20000368</run_address>
         <size>0x50</size>
         <input_file_ref idref="fl-d5"/>
      </object_component>
      <object_component id="oc-2c5">
         <name>.bss:_CIOBUF_</name>
         <uninitialized>true</uninitialized>
         <run_address>0x200003e8</run_address>
         <size>0x120</size>
         <input_file_ref idref="fl-df"/>
      </object_component>
      <object_component id="oc-291">
         <name>.common:__TI_tmpnams</name>
         <uninitialized>true</uninitialized>
         <run_address>0x20000508</run_address>
         <size>0xa0</size>
      </object_component>
      <object_component id="oc-2a0">
         <name>.common:parmbuf</name>
         <uninitialized>true</uninitialized>
         <run_address>0x200005a8</run_address>
         <size>0x8</size>
      </object_component>
      <object_component id="oc-27">
         <name>.sysmem</name>
         <uninitialized>true</uninitialized>
         <run_address>0x200005b0</run_address>
         <size>0x10</size>
         <input_file_ref idref="fl-d2"/>
      </object_component>
      <object_component id="oc-347">
         <name>.sysmem</name>
         <uninitialized>true</uninitialized>
         <run_address>0x200005b0</run_address>
         <size>0x0</size>
      </object_component>
      <object_component id="oc-24">
         <name>.stack</name>
         <uninitialized>true</uninitialized>
         <run_address>0x20000000</run_address>
         <size>0x4</size>
         <input_file_ref idref="fl-c4"/>
      </object_component>
      <object_component id="oc-346">
         <name>.stack</name>
         <uninitialized>true</uninitialized>
         <run_address>0x20000000</run_address>
         <size>0x0</size>
      </object_component>
      <object_component id="oc-12d">
         <name>.debug_info</name>
         <load_address>0x0</load_address>
         <run_address>0x0</run_address>
         <size>0x261</size>
         <input_file_ref idref="fl-2"/>
      </object_component>
      <object_component id="oc-d9">
         <name>.debug_info</name>
         <load_address>0x261</load_address>
         <run_address>0x261</run_address>
         <size>0x548</size>
         <input_file_ref idref="fl-2"/>
      </object_component>
      <object_component id="oc-128">
         <name>.debug_info</name>
         <load_address>0x7a9</load_address>
         <run_address>0x7a9</run_address>
         <size>0xb7</size>
         <input_file_ref idref="fl-2"/>
      </object_component>
      <object_component id="oc-39">
         <name>.debug_info</name>
         <load_address>0x860</load_address>
         <run_address>0x860</run_address>
         <size>0x84</size>
         <input_file_ref idref="fl-2"/>
      </object_component>
      <object_component id="oc-12e">
         <name>.debug_info</name>
         <load_address>0x8e4</load_address>
         <run_address>0x8e4</run_address>
         <size>0xae</size>
         <input_file_ref idref="fl-2"/>
      </object_component>
      <object_component id="oc-148">
         <name>.debug_info</name>
         <load_address>0x992</load_address>
         <run_address>0x992</run_address>
         <size>0x26a</size>
         <input_file_ref idref="fl-3"/>
      </object_component>
      <object_component id="oc-145">
         <name>.debug_info</name>
         <load_address>0xbfc</load_address>
         <run_address>0xbfc</run_address>
         <size>0xea</size>
         <input_file_ref idref="fl-3"/>
      </object_component>
      <object_component id="oc-e3">
         <name>.debug_info</name>
         <load_address>0xce6</load_address>
         <run_address>0xce6</run_address>
         <size>0x42a</size>
         <input_file_ref idref="fl-3"/>
      </object_component>
      <object_component id="oc-a3">
         <name>.debug_info</name>
         <load_address>0x1110</load_address>
         <run_address>0x1110</run_address>
         <size>0x48a</size>
         <input_file_ref idref="fl-4"/>
      </object_component>
      <object_component id="oc-32">
         <name>.debug_info</name>
         <load_address>0x159a</load_address>
         <run_address>0x159a</run_address>
         <size>0x2ba</size>
         <input_file_ref idref="fl-5"/>
      </object_component>
      <object_component id="oc-13">
         <name>.debug_info</name>
         <load_address>0x1854</load_address>
         <run_address>0x1854</run_address>
         <size>0xf9</size>
         <input_file_ref idref="fl-5"/>
      </object_component>
      <object_component id="oc-2d">
         <name>.debug_info</name>
         <load_address>0x194d</load_address>
         <run_address>0x194d</run_address>
         <size>0x275</size>
         <input_file_ref idref="fl-5"/>
      </object_component>
      <object_component id="oc-77">
         <name>.debug_info</name>
         <load_address>0x1bc2</load_address>
         <run_address>0x1bc2</run_address>
         <size>0x26b</size>
         <input_file_ref idref="fl-5"/>
      </object_component>
      <object_component id="oc-c0">
         <name>.debug_info</name>
         <load_address>0x1e2d</load_address>
         <run_address>0x1e2d</run_address>
         <size>0x2a4</size>
         <input_file_ref idref="fl-5"/>
      </object_component>
      <object_component id="oc-7c">
         <name>.debug_info</name>
         <load_address>0x20d1</load_address>
         <run_address>0x20d1</run_address>
         <size>0xbb</size>
         <input_file_ref idref="fl-5"/>
      </object_component>
      <object_component id="oc-95">
         <name>.debug_info</name>
         <load_address>0x218c</load_address>
         <run_address>0x218c</run_address>
         <size>0x2d4</size>
         <input_file_ref idref="fl-bf"/>
      </object_component>
      <object_component id="oc-4c">
         <name>.debug_info</name>
         <load_address>0x2460</load_address>
         <run_address>0x2460</run_address>
         <size>0x1d2</size>
         <input_file_ref idref="fl-bf"/>
      </object_component>
      <object_component id="oc-90">
         <name>.debug_info</name>
         <load_address>0x2632</load_address>
         <run_address>0x2632</run_address>
         <size>0x46</size>
         <input_file_ref idref="fl-bf"/>
      </object_component>
      <object_component id="oc-cc">
         <name>.debug_info</name>
         <load_address>0x2678</load_address>
         <run_address>0x2678</run_address>
         <size>0x2c</size>
         <input_file_ref idref="fl-bf"/>
      </object_component>
      <object_component id="oc-49">
         <name>.debug_info</name>
         <load_address>0x26a4</load_address>
         <run_address>0x26a4</run_address>
         <size>0x2a8</size>
         <input_file_ref idref="fl-c0"/>
      </object_component>
      <object_component id="oc-1c">
         <name>.debug_info</name>
         <load_address>0x294c</load_address>
         <run_address>0x294c</run_address>
         <size>0x1ea</size>
         <input_file_ref idref="fl-c0"/>
      </object_component>
      <object_component id="oc-44">
         <name>.debug_info</name>
         <load_address>0x2b36</load_address>
         <run_address>0x2b36</run_address>
         <size>0x46</size>
         <input_file_ref idref="fl-c0"/>
      </object_component>
      <object_component id="oc-88">
         <name>.debug_info</name>
         <load_address>0x2b7c</load_address>
         <run_address>0x2b7c</run_address>
         <size>0x2c</size>
         <input_file_ref idref="fl-c0"/>
      </object_component>
      <object_component id="oc-86">
         <name>.debug_info</name>
         <load_address>0x2ba8</load_address>
         <run_address>0x2ba8</run_address>
         <size>0x29e</size>
         <input_file_ref idref="fl-c1"/>
      </object_component>
      <object_component id="oc-19">
         <name>.debug_info</name>
         <load_address>0x2e46</load_address>
         <run_address>0x2e46</run_address>
         <size>0x250</size>
         <input_file_ref idref="fl-c1"/>
      </object_component>
      <object_component id="oc-34">
         <name>.debug_info</name>
         <load_address>0x3096</load_address>
         <run_address>0x3096</run_address>
         <size>0x60</size>
         <input_file_ref idref="fl-c1"/>
      </object_component>
      <object_component id="oc-c5">
         <name>.debug_info</name>
         <load_address>0x30f6</load_address>
         <run_address>0x30f6</run_address>
         <size>0x46</size>
         <input_file_ref idref="fl-c1"/>
      </object_component>
      <object_component id="oc-81">
         <name>.debug_info</name>
         <load_address>0x313c</load_address>
         <run_address>0x313c</run_address>
         <size>0x39</size>
         <input_file_ref idref="fl-c1"/>
      </object_component>
      <object_component id="oc-143">
         <name>.debug_info</name>
         <load_address>0x3175</load_address>
         <run_address>0x3175</run_address>
         <size>0x322</size>
         <input_file_ref idref="fl-c2"/>
      </object_component>
      <object_component id="oc-de">
         <name>.debug_info</name>
         <load_address>0x3497</load_address>
         <run_address>0x3497</run_address>
         <size>0x177</size>
         <input_file_ref idref="fl-c2"/>
      </object_component>
      <object_component id="oc-196">
         <name>.debug_info</name>
         <load_address>0x360e</load_address>
         <run_address>0x360e</run_address>
         <size>0xb2</size>
         <input_file_ref idref="fl-c2"/>
      </object_component>
      <object_component id="oc-192">
         <name>.debug_info</name>
         <load_address>0x36c0</load_address>
         <run_address>0x36c0</run_address>
         <size>0x144</size>
         <input_file_ref idref="fl-c3"/>
      </object_component>
      <object_component id="oc-140">
         <name>.debug_info</name>
         <load_address>0x3804</load_address>
         <run_address>0x3804</run_address>
         <size>0x102</size>
         <input_file_ref idref="fl-c3"/>
      </object_component>
      <object_component id="oc-18c">
         <name>.debug_info</name>
         <load_address>0x3906</load_address>
         <run_address>0x3906</run_address>
         <size>0x18f</size>
         <input_file_ref idref="fl-c3"/>
      </object_component>
      <object_component id="oc-25">
         <name>.debug_info</name>
         <load_address>0x3a95</load_address>
         <run_address>0x3a95</run_address>
         <size>0x10b</size>
         <input_file_ref idref="fl-c4"/>
      </object_component>
      <object_component id="oc-5e">
         <name>.debug_info</name>
         <load_address>0x3ba0</load_address>
         <run_address>0x3ba0</run_address>
         <size>0x1a9</size>
         <input_file_ref idref="fl-c4"/>
      </object_component>
      <object_component id="oc-18f">
         <name>.debug_info</name>
         <load_address>0x3d49</load_address>
         <run_address>0x3d49</run_address>
         <size>0x347</size>
         <input_file_ref idref="fl-c5"/>
      </object_component>
      <object_component id="oc-180">
         <name>.debug_info</name>
         <load_address>0x4090</load_address>
         <run_address>0x4090</run_address>
         <size>0x18a</size>
         <input_file_ref idref="fl-c5"/>
      </object_component>
      <object_component id="oc-13b">
         <name>.debug_info</name>
         <load_address>0x421a</load_address>
         <run_address>0x421a</run_address>
         <size>0x1c8</size>
         <input_file_ref idref="fl-c5"/>
      </object_component>
      <object_component id="oc-18a">
         <name>.debug_info</name>
         <load_address>0x43e2</load_address>
         <run_address>0x43e2</run_address>
         <size>0x3fc</size>
         <input_file_ref idref="fl-c6"/>
      </object_component>
      <object_component id="oc-135">
         <name>.debug_info</name>
         <load_address>0x47de</load_address>
         <run_address>0x47de</run_address>
         <size>0x2e2</size>
         <input_file_ref idref="fl-c6"/>
      </object_component>
      <object_component id="oc-1cd">
         <name>.debug_info</name>
         <load_address>0x4ac0</load_address>
         <run_address>0x4ac0</run_address>
         <size>0x300</size>
         <input_file_ref idref="fl-c7"/>
      </object_component>
      <object_component id="oc-16f">
         <name>.debug_info</name>
         <load_address>0x4dc0</load_address>
         <run_address>0x4dc0</run_address>
         <size>0x19c</size>
         <input_file_ref idref="fl-c7"/>
      </object_component>
      <object_component id="oc-20b">
         <name>.debug_info</name>
         <load_address>0x4f5c</load_address>
         <run_address>0x4f5c</run_address>
         <size>0xbf</size>
         <input_file_ref idref="fl-c7"/>
      </object_component>
      <object_component id="oc-20a">
         <name>.debug_info</name>
         <load_address>0x501b</load_address>
         <run_address>0x501b</run_address>
         <size>0x374</size>
         <input_file_ref idref="fl-c8"/>
      </object_component>
      <object_component id="oc-1c9">
         <name>.debug_info</name>
         <load_address>0x538f</load_address>
         <run_address>0x538f</run_address>
         <size>0x20b</size>
         <input_file_ref idref="fl-c8"/>
      </object_component>
      <object_component id="oc-3f">
         <name>.debug_info</name>
         <load_address>0x559a</load_address>
         <run_address>0x559a</run_address>
         <size>0x119</size>
         <input_file_ref idref="fl-c9"/>
      </object_component>
      <object_component id="oc-154">
         <name>.debug_info</name>
         <load_address>0x56b3</load_address>
         <run_address>0x56b3</run_address>
         <size>0x4b3</size>
         <input_file_ref idref="fl-cb"/>
      </object_component>
      <object_component id="oc-f9">
         <name>.debug_info</name>
         <load_address>0x5b66</load_address>
         <run_address>0x5b66</run_address>
         <size>0x1a6</size>
         <input_file_ref idref="fl-cb"/>
      </object_component>
      <object_component id="oc-1af">
         <name>.debug_info</name>
         <load_address>0x5d0c</load_address>
         <run_address>0x5d0c</run_address>
         <size>0x39</size>
         <input_file_ref idref="fl-cb"/>
      </object_component>
      <object_component id="oc-1e3">
         <name>.debug_info</name>
         <load_address>0x5d45</load_address>
         <run_address>0x5d45</run_address>
         <size>0x39</size>
         <input_file_ref idref="fl-cb"/>
      </object_component>
      <object_component id="oc-1b4">
         <name>.debug_info</name>
         <load_address>0x5d7e</load_address>
         <run_address>0x5d7e</run_address>
         <size>0x39</size>
         <input_file_ref idref="fl-cb"/>
      </object_component>
      <object_component id="oc-1b9">
         <name>.debug_info</name>
         <load_address>0x5db7</load_address>
         <run_address>0x5db7</run_address>
         <size>0xcd</size>
         <input_file_ref idref="fl-cb"/>
      </object_component>
      <object_component id="oc-a0">
         <name>.debug_info</name>
         <load_address>0x5e84</load_address>
         <run_address>0x5e84</run_address>
         <size>0x153</size>
         <input_file_ref idref="fl-cc"/>
      </object_component>
      <object_component id="oc-151">
         <name>.debug_info</name>
         <load_address>0x5fd7</load_address>
         <run_address>0x5fd7</run_address>
         <size>0x3ad</size>
         <input_file_ref idref="fl-ce"/>
      </object_component>
      <object_component id="oc-14b">
         <name>.debug_info</name>
         <load_address>0x6384</load_address>
         <run_address>0x6384</run_address>
         <size>0x190</size>
         <input_file_ref idref="fl-ce"/>
      </object_component>
      <object_component id="oc-ea">
         <name>.debug_info</name>
         <load_address>0x6514</load_address>
         <run_address>0x6514</run_address>
         <size>0x122</size>
         <input_file_ref idref="fl-ce"/>
      </object_component>
      <object_component id="oc-f1">
         <name>.debug_info</name>
         <load_address>0x6636</load_address>
         <run_address>0x6636</run_address>
         <size>0x184</size>
         <input_file_ref idref="fl-ce"/>
      </object_component>
      <object_component id="oc-1a9">
         <name>.debug_info</name>
         <load_address>0x67ba</load_address>
         <run_address>0x67ba</run_address>
         <size>0x2c9</size>
         <input_file_ref idref="fl-cf"/>
      </object_component>
      <object_component id="oc-14e">
         <name>.debug_info</name>
         <load_address>0x6a83</load_address>
         <run_address>0x6a83</run_address>
         <size>0x11e</size>
         <input_file_ref idref="fl-cf"/>
      </object_component>
      <object_component id="oc-1a4">
         <name>.debug_info</name>
         <load_address>0x6ba1</load_address>
         <run_address>0x6ba1</run_address>
         <size>0x12e</size>
         <input_file_ref idref="fl-cf"/>
      </object_component>
      <object_component id="oc-1d1">
         <name>.debug_info</name>
         <load_address>0x6ccf</load_address>
         <run_address>0x6ccf</run_address>
         <size>0x2a5</size>
         <input_file_ref idref="fl-d1"/>
      </object_component>
      <object_component id="oc-179">
         <name>.debug_info</name>
         <load_address>0x6f74</load_address>
         <run_address>0x6f74</run_address>
         <size>0x25d</size>
         <input_file_ref idref="fl-d1"/>
      </object_component>
      <object_component id="oc-72">
         <name>.debug_info</name>
         <load_address>0x71d1</load_address>
         <run_address>0x71d1</run_address>
         <size>0x3b2</size>
         <input_file_ref idref="fl-d2"/>
      </object_component>
      <object_component id="oc-28">
         <name>.debug_info</name>
         <load_address>0x7583</load_address>
         <run_address>0x7583</run_address>
         <size>0x10c</size>
         <input_file_ref idref="fl-d2"/>
      </object_component>
      <object_component id="oc-27a">
         <name>.debug_info</name>
         <load_address>0x768f</load_address>
         <run_address>0x768f</run_address>
         <size>0x13f</size>
         <input_file_ref idref="fl-d2"/>
      </object_component>
      <object_component id="oc-1ff">
         <name>.debug_info</name>
         <load_address>0x77ce</load_address>
         <run_address>0x77ce</run_address>
         <size>0x168</size>
         <input_file_ref idref="fl-d2"/>
      </object_component>
      <object_component id="oc-22d">
         <name>.debug_info</name>
         <load_address>0x7936</load_address>
         <run_address>0x7936</run_address>
         <size>0x18e</size>
         <input_file_ref idref="fl-d2"/>
      </object_component>
      <object_component id="oc-233">
         <name>.debug_info</name>
         <load_address>0x7ac4</load_address>
         <run_address>0x7ac4</run_address>
         <size>0x19f</size>
         <input_file_ref idref="fl-d2"/>
      </object_component>
      <object_component id="oc-1f8">
         <name>.debug_info</name>
         <load_address>0x7c63</load_address>
         <run_address>0x7c63</run_address>
         <size>0x203</size>
         <input_file_ref idref="fl-d2"/>
      </object_component>
      <object_component id="oc-27f">
         <name>.debug_info</name>
         <load_address>0x7e66</load_address>
         <run_address>0x7e66</run_address>
         <size>0x1db</size>
         <input_file_ref idref="fl-d2"/>
      </object_component>
      <object_component id="oc-23a">
         <name>.debug_info</name>
         <load_address>0x8041</load_address>
         <run_address>0x8041</run_address>
         <size>0x299</size>
         <input_file_ref idref="fl-d2"/>
      </object_component>
      <object_component id="oc-bb">
         <name>.debug_info</name>
         <load_address>0x82da</load_address>
         <run_address>0x82da</run_address>
         <size>0xb2</size>
         <input_file_ref idref="fl-d2"/>
      </object_component>
      <object_component id="oc-b6">
         <name>.debug_info</name>
         <load_address>0x838c</load_address>
         <run_address>0x838c</run_address>
         <size>0x2c</size>
         <input_file_ref idref="fl-d2"/>
      </object_component>
      <object_component id="oc-1cf">
         <name>.debug_info</name>
         <load_address>0x83b8</load_address>
         <run_address>0x83b8</run_address>
         <size>0x28f</size>
         <input_file_ref idref="fl-d3"/>
      </object_component>
      <object_component id="oc-175">
         <name>.debug_info</name>
         <load_address>0x8647</load_address>
         <run_address>0x8647</run_address>
         <size>0x245</size>
         <input_file_ref idref="fl-d3"/>
      </object_component>
      <object_component id="oc-1d7">
         <name>.debug_info</name>
         <load_address>0x888c</load_address>
         <run_address>0x888c</run_address>
         <size>0x397</size>
         <input_file_ref idref="fl-d4"/>
      </object_component>
      <object_component id="oc-186">
         <name>.debug_info</name>
         <load_address>0x8c23</load_address>
         <run_address>0x8c23</run_address>
         <size>0x18f</size>
         <input_file_ref idref="fl-d4"/>
      </object_component>
      <object_component id="oc-21e">
         <name>.debug_info</name>
         <load_address>0x8db2</load_address>
         <run_address>0x8db2</run_address>
         <size>0x120</size>
         <input_file_ref idref="fl-d4"/>
      </object_component>
      <object_component id="oc-223">
         <name>.debug_info</name>
         <load_address>0x8ed2</load_address>
         <run_address>0x8ed2</run_address>
         <size>0x2c</size>
         <input_file_ref idref="fl-d4"/>
      </object_component>
      <object_component id="oc-21b">
         <name>.debug_info</name>
         <load_address>0x8efe</load_address>
         <run_address>0x8efe</run_address>
         <size>0x337</size>
         <input_file_ref idref="fl-d5"/>
      </object_component>
      <object_component id="oc-217">
         <name>.debug_info</name>
         <load_address>0x9235</load_address>
         <run_address>0x9235</run_address>
         <size>0x109</size>
         <input_file_ref idref="fl-d5"/>
      </object_component>
      <object_component id="oc-1d4">
         <name>.debug_info</name>
         <load_address>0x933e</load_address>
         <run_address>0x933e</run_address>
         <size>0x109</size>
         <input_file_ref idref="fl-d5"/>
      </object_component>
      <object_component id="oc-204">
         <name>.debug_info</name>
         <load_address>0x9447</load_address>
         <run_address>0x9447</run_address>
         <size>0x176</size>
         <input_file_ref idref="fl-d6"/>
      </object_component>
      <object_component id="oc-1f6">
         <name>.debug_info</name>
         <load_address>0x95bd</load_address>
         <run_address>0x95bd</run_address>
         <size>0x324</size>
         <input_file_ref idref="fl-d7"/>
      </object_component>
      <object_component id="oc-1c1">
         <name>.debug_info</name>
         <load_address>0x98e1</load_address>
         <run_address>0x98e1</run_address>
         <size>0x1ec</size>
         <input_file_ref idref="fl-d7"/>
      </object_component>
      <object_component id="oc-2a5">
         <name>.debug_info</name>
         <load_address>0x9acd</load_address>
         <run_address>0x9acd</run_address>
         <size>0x373</size>
         <input_file_ref idref="fl-d8"/>
      </object_component>
      <object_component id="oc-251">
         <name>.debug_info</name>
         <load_address>0x9e40</load_address>
         <run_address>0x9e40</run_address>
         <size>0x1bc</size>
         <input_file_ref idref="fl-d8"/>
      </object_component>
      <object_component id="oc-2ab">
         <name>.debug_info</name>
         <load_address>0x9ffc</load_address>
         <run_address>0x9ffc</run_address>
         <size>0x378</size>
         <input_file_ref idref="fl-d9"/>
      </object_component>
      <object_component id="oc-265">
         <name>.debug_info</name>
         <load_address>0xa374</load_address>
         <run_address>0xa374</run_address>
         <size>0x210</size>
         <input_file_ref idref="fl-d9"/>
      </object_component>
      <object_component id="oc-2a1">
         <name>.debug_info</name>
         <load_address>0xa584</load_address>
         <run_address>0xa584</run_address>
         <size>0x3a3</size>
         <input_file_ref idref="fl-da"/>
      </object_component>
      <object_component id="oc-24c">
         <name>.debug_info</name>
         <load_address>0xa927</load_address>
         <run_address>0xa927</run_address>
         <size>0x20c</size>
         <input_file_ref idref="fl-da"/>
      </object_component>
      <object_component id="oc-2a7">
         <name>.debug_info</name>
         <load_address>0xab33</load_address>
         <run_address>0xab33</run_address>
         <size>0x377</size>
         <input_file_ref idref="fl-db"/>
      </object_component>
      <object_component id="oc-259">
         <name>.debug_info</name>
         <load_address>0xaeaa</load_address>
         <run_address>0xaeaa</run_address>
         <size>0x1fb</size>
         <input_file_ref idref="fl-db"/>
      </object_component>
      <object_component id="oc-2b5">
         <name>.debug_info</name>
         <load_address>0xb0a5</load_address>
         <run_address>0xb0a5</run_address>
         <size>0x3d5</size>
         <input_file_ref idref="fl-dc"/>
      </object_component>
      <object_component id="oc-26e">
         <name>.debug_info</name>
         <load_address>0xb47a</load_address>
         <run_address>0xb47a</run_address>
         <size>0x236</size>
         <input_file_ref idref="fl-dc"/>
      </object_component>
      <object_component id="oc-2ad">
         <name>.debug_info</name>
         <load_address>0xb6b0</load_address>
         <run_address>0xb6b0</run_address>
         <size>0x396</size>
         <input_file_ref idref="fl-dd"/>
      </object_component>
      <object_component id="oc-26a">
         <name>.debug_info</name>
         <load_address>0xba46</load_address>
         <run_address>0xba46</run_address>
         <size>0x1c6</size>
         <input_file_ref idref="fl-dd"/>
      </object_component>
      <object_component id="oc-2a9">
         <name>.debug_info</name>
         <load_address>0xbc0c</load_address>
         <run_address>0xbc0c</run_address>
         <size>0x378</size>
         <input_file_ref idref="fl-de"/>
      </object_component>
      <object_component id="oc-25d">
         <name>.debug_info</name>
         <load_address>0xbf84</load_address>
         <run_address>0xbf84</run_address>
         <size>0x200</size>
         <input_file_ref idref="fl-de"/>
      </object_component>
      <object_component id="oc-2c9">
         <name>.debug_info</name>
         <load_address>0xc184</load_address>
         <run_address>0xc184</run_address>
         <size>0x2bb</size>
         <input_file_ref idref="fl-df"/>
      </object_component>
      <object_component id="oc-2c6">
         <name>.debug_info</name>
         <load_address>0xc43f</load_address>
         <run_address>0xc43f</run_address>
         <size>0x108</size>
         <input_file_ref idref="fl-df"/>
      </object_component>
      <object_component id="oc-295">
         <name>.debug_info</name>
         <load_address>0xc547</load_address>
         <run_address>0xc547</run_address>
         <size>0x1df</size>
         <input_file_ref idref="fl-df"/>
      </object_component>
      <object_component id="oc-29d">
         <name>.debug_info</name>
         <load_address>0xc726</load_address>
         <run_address>0xc726</run_address>
         <size>0x19a</size>
         <input_file_ref idref="fl-df"/>
      </object_component>
      <object_component id="oc-229">
         <name>.debug_info</name>
         <load_address>0xc8c0</load_address>
         <run_address>0xc8c0</run_address>
         <size>0x397</size>
         <input_file_ref idref="fl-e1"/>
      </object_component>
      <object_component id="oc-1f2">
         <name>.debug_info</name>
         <load_address>0xcc57</load_address>
         <run_address>0xcc57</run_address>
         <size>0x195</size>
         <input_file_ref idref="fl-e1"/>
      </object_component>
      <object_component id="oc-293">
         <name>.debug_info</name>
         <load_address>0xcdec</load_address>
         <run_address>0xcdec</run_address>
         <size>0x3a5</size>
         <input_file_ref idref="fl-e2"/>
      </object_component>
      <object_component id="oc-241">
         <name>.debug_info</name>
         <load_address>0xd191</load_address>
         <run_address>0xd191</run_address>
         <size>0x1f3</size>
         <input_file_ref idref="fl-e2"/>
      </object_component>
      <object_component id="oc-2f0">
         <name>.debug_info</name>
         <load_address>0xd384</load_address>
         <run_address>0xd384</run_address>
         <size>0x42c</size>
         <input_file_ref idref="fl-e3"/>
      </object_component>
      <object_component id="oc-2eb">
         <name>.debug_info</name>
         <load_address>0xd7b0</load_address>
         <run_address>0xd7b0</run_address>
         <size>0x192</size>
         <input_file_ref idref="fl-e3"/>
      </object_component>
      <object_component id="oc-2bd">
         <name>.debug_info</name>
         <load_address>0xd942</load_address>
         <run_address>0xd942</run_address>
         <size>0x1eb</size>
         <input_file_ref idref="fl-e3"/>
      </object_component>
      <object_component id="oc-2f3">
         <name>.debug_info</name>
         <load_address>0xdb2d</load_address>
         <run_address>0xdb2d</run_address>
         <size>0xea</size>
         <input_file_ref idref="fl-e3"/>
      </object_component>
      <object_component id="oc-30b">
         <name>.debug_info</name>
         <load_address>0xdc17</load_address>
         <run_address>0xdc17</run_address>
         <size>0x2c</size>
         <input_file_ref idref="fl-e3"/>
      </object_component>
      <object_component id="oc-2ff">
         <name>.debug_info</name>
         <load_address>0xdc43</load_address>
         <run_address>0xdc43</run_address>
         <size>0x29a</size>
         <input_file_ref idref="fl-e4"/>
      </object_component>
      <object_component id="oc-2de">
         <name>.debug_info</name>
         <load_address>0xdedd</load_address>
         <run_address>0xdedd</run_address>
         <size>0x262</size>
         <input_file_ref idref="fl-e4"/>
      </object_component>
      <object_component id="oc-315">
         <name>.debug_info</name>
         <load_address>0xe13f</load_address>
         <run_address>0xe13f</run_address>
         <size>0x28a</size>
         <input_file_ref idref="fl-e5"/>
      </object_component>
      <object_component id="oc-303">
         <name>.debug_info</name>
         <load_address>0xe3c9</load_address>
         <run_address>0xe3c9</run_address>
         <size>0x273</size>
         <input_file_ref idref="fl-e5"/>
      </object_component>
      <object_component id="oc-2d8">
         <name>.debug_info</name>
         <load_address>0xe63c</load_address>
         <run_address>0xe63c</run_address>
         <size>0x2a4</size>
         <input_file_ref idref="fl-e6"/>
      </object_component>
      <object_component id="oc-2b2">
         <name>.debug_info</name>
         <load_address>0xe8e0</load_address>
         <run_address>0xe8e0</run_address>
         <size>0x24d</size>
         <input_file_ref idref="fl-e6"/>
      </object_component>
      <object_component id="oc-301">
         <name>.debug_info</name>
         <load_address>0xeb2d</load_address>
         <run_address>0xeb2d</run_address>
         <size>0x2af</size>
         <input_file_ref idref="fl-e7"/>
      </object_component>
      <object_component id="oc-2e5">
         <name>.debug_info</name>
         <load_address>0xeddc</load_address>
         <run_address>0xeddc</run_address>
         <size>0x277</size>
         <input_file_ref idref="fl-e7"/>
      </object_component>
      <object_component id="oc-2ba">
         <name>.debug_info</name>
         <load_address>0xf053</load_address>
         <run_address>0xf053</run_address>
         <size>0x3cf</size>
         <input_file_ref idref="fl-e9"/>
      </object_component>
      <object_component id="oc-287">
         <name>.debug_info</name>
         <load_address>0xf422</load_address>
         <run_address>0xf422</run_address>
         <size>0x195</size>
         <input_file_ref idref="fl-e9"/>
      </object_component>
      <object_component id="oc-2c2">
         <name>.debug_info</name>
         <load_address>0xf5b7</load_address>
         <run_address>0xf5b7</run_address>
         <size>0x3d1</size>
         <input_file_ref idref="fl-ea"/>
      </object_component>
      <object_component id="oc-28c">
         <name>.debug_info</name>
         <load_address>0xf988</load_address>
         <run_address>0xf988</run_address>
         <size>0x1a5</size>
         <input_file_ref idref="fl-ea"/>
      </object_component>
      <object_component id="oc-348">
         <name>.debug_info</name>
         <load_address>0xfb2d</load_address>
         <run_address>0xfb2d</run_address>
         <size>0xac</size>
      </object_component>
      <object_component id="oc-16a">
         <name>.debug_line</name>
         <load_address>0x0</load_address>
         <run_address>0x0</run_address>
         <size>0x20</size>
         <input_file_ref idref="fl-2"/>
      </object_component>
      <object_component id="oc-d6">
         <name>.debug_line</name>
         <load_address>0x20</load_address>
         <run_address>0x20</run_address>
         <size>0x159</size>
         <input_file_ref idref="fl-2"/>
      </object_component>
      <object_component id="oc-12b">
         <name>.debug_line</name>
         <load_address>0x179</load_address>
         <run_address>0x179</run_address>
         <size>0x2d</size>
         <input_file_ref idref="fl-2"/>
      </object_component>
      <object_component id="oc-3c">
         <name>.debug_line</name>
         <load_address>0x1a6</load_address>
         <run_address>0x1a6</run_address>
         <size>0x20</size>
         <input_file_ref idref="fl-2"/>
      </object_component>
      <object_component id="oc-131">
         <name>.debug_line</name>
         <load_address>0x1c6</load_address>
         <run_address>0x1c6</run_address>
         <size>0x67</size>
         <input_file_ref idref="fl-2"/>
      </object_component>
      <object_component id="oc-19e">
         <name>.debug_line</name>
         <load_address>0x22d</load_address>
         <run_address>0x22d</run_address>
         <size>0x20</size>
         <input_file_ref idref="fl-3"/>
      </object_component>
      <object_component id="oc-19c">
         <name>.debug_line</name>
         <load_address>0x24d</load_address>
         <run_address>0x24d</run_address>
         <size>0x30</size>
         <input_file_ref idref="fl-3"/>
      </object_component>
      <object_component id="oc-e6">
         <name>.debug_line</name>
         <load_address>0x27d</load_address>
         <run_address>0x27d</run_address>
         <size>0xf2</size>
         <input_file_ref idref="fl-3"/>
      </object_component>
      <object_component id="oc-a6">
         <name>.debug_line</name>
         <load_address>0x36f</load_address>
         <run_address>0x36f</run_address>
         <size>0xac</size>
         <input_file_ref idref="fl-4"/>
      </object_component>
      <object_component id="oc-76">
         <name>.debug_line</name>
         <load_address>0x41b</load_address>
         <run_address>0x41b</run_address>
         <size>0x41</size>
         <input_file_ref idref="fl-5"/>
      </object_component>
      <object_component id="oc-31">
         <name>.debug_line</name>
         <load_address>0x45c</load_address>
         <run_address>0x45c</run_address>
         <size>0x41</size>
         <input_file_ref idref="fl-5"/>
      </object_component>
      <object_component id="oc-2c">
         <name>.debug_line</name>
         <load_address>0x49d</load_address>
         <run_address>0x49d</run_address>
         <size>0xa1</size>
         <input_file_ref idref="fl-5"/>
      </object_component>
      <object_component id="oc-7a">
         <name>.debug_line</name>
         <load_address>0x53e</load_address>
         <run_address>0x53e</run_address>
         <size>0x6f</size>
         <input_file_ref idref="fl-5"/>
      </object_component>
      <object_component id="oc-c3">
         <name>.debug_line</name>
         <load_address>0x5ad</load_address>
         <run_address>0x5ad</run_address>
         <size>0x73</size>
         <input_file_ref idref="fl-5"/>
      </object_component>
      <object_component id="oc-7f">
         <name>.debug_line</name>
         <load_address>0x620</load_address>
         <run_address>0x620</run_address>
         <size>0x70</size>
         <input_file_ref idref="fl-5"/>
      </object_component>
      <object_component id="oc-d2">
         <name>.debug_line</name>
         <load_address>0x690</load_address>
         <run_address>0x690</run_address>
         <size>0x92</size>
         <input_file_ref idref="fl-bf"/>
      </object_component>
      <object_component id="oc-4b">
         <name>.debug_line</name>
         <load_address>0x722</load_address>
         <run_address>0x722</run_address>
         <size>0x4c</size>
         <input_file_ref idref="fl-bf"/>
      </object_component>
      <object_component id="oc-93">
         <name>.debug_line</name>
         <load_address>0x76e</load_address>
         <run_address>0x76e</run_address>
         <size>0x34</size>
         <input_file_ref idref="fl-bf"/>
      </object_component>
      <object_component id="oc-cf">
         <name>.debug_line</name>
         <load_address>0x7a2</load_address>
         <run_address>0x7a2</run_address>
         <size>0x92</size>
         <input_file_ref idref="fl-bf"/>
      </object_component>
      <object_component id="oc-8e">
         <name>.debug_line</name>
         <load_address>0x834</load_address>
         <run_address>0x834</run_address>
         <size>0x20</size>
         <input_file_ref idref="fl-c0"/>
      </object_component>
      <object_component id="oc-1f">
         <name>.debug_line</name>
         <load_address>0x854</load_address>
         <run_address>0x854</run_address>
         <size>0x55</size>
         <input_file_ref idref="fl-c0"/>
      </object_component>
      <object_component id="oc-47">
         <name>.debug_line</name>
         <load_address>0x8a9</load_address>
         <run_address>0x8a9</run_address>
         <size>0x3a</size>
         <input_file_ref idref="fl-c0"/>
      </object_component>
      <object_component id="oc-8b">
         <name>.debug_line</name>
         <load_address>0x8e3</load_address>
         <run_address>0x8e3</run_address>
         <size>0x92</size>
         <input_file_ref idref="fl-c0"/>
      </object_component>
      <object_component id="oc-cb">
         <name>.debug_line</name>
         <load_address>0x975</load_address>
         <run_address>0x975</run_address>
         <size>0x20</size>
         <input_file_ref idref="fl-c1"/>
      </object_component>
      <object_component id="oc-17">
         <name>.debug_line</name>
         <load_address>0x995</load_address>
         <run_address>0x995</run_address>
         <size>0xa9</size>
         <input_file_ref idref="fl-c1"/>
      </object_component>
      <object_component id="oc-37">
         <name>.debug_line</name>
         <load_address>0xa3e</load_address>
         <run_address>0xa3e</run_address>
         <size>0x3a</size>
         <input_file_ref idref="fl-c1"/>
      </object_component>
      <object_component id="oc-c8">
         <name>.debug_line</name>
         <load_address>0xa78</load_address>
         <run_address>0xa78</run_address>
         <size>0x9a</size>
         <input_file_ref idref="fl-c1"/>
      </object_component>
      <object_component id="oc-84">
         <name>.debug_line</name>
         <load_address>0xb12</load_address>
         <run_address>0xb12</run_address>
         <size>0x96</size>
         <input_file_ref idref="fl-c1"/>
      </object_component>
      <object_component id="oc-195">
         <name>.debug_line</name>
         <load_address>0xba8</load_address>
         <run_address>0xba8</run_address>
         <size>0x103</size>
         <input_file_ref idref="fl-c2"/>
      </object_component>
      <object_component id="oc-dc">
         <name>.debug_line</name>
         <load_address>0xcab</load_address>
         <run_address>0xcab</run_address>
         <size>0x42</size>
         <input_file_ref idref="fl-c2"/>
      </object_component>
      <object_component id="oc-199">
         <name>.debug_line</name>
         <load_address>0xced</load_address>
         <run_address>0xced</run_address>
         <size>0x91</size>
         <input_file_ref idref="fl-c2"/>
      </object_component>
      <object_component id="oc-1df">
         <name>.debug_line</name>
         <load_address>0xd7e</load_address>
         <run_address>0xd7e</run_address>
         <size>0x2a</size>
         <input_file_ref idref="fl-c3"/>
      </object_component>
      <object_component id="oc-191">
         <name>.debug_line</name>
         <load_address>0xda8</load_address>
         <run_address>0xda8</run_address>
         <size>0x2a</size>
         <input_file_ref idref="fl-c3"/>
      </object_component>
      <object_component id="oc-1db">
         <name>.debug_line</name>
         <load_address>0xdd2</load_address>
         <run_address>0xdd2</run_address>
         <size>0x2a</size>
         <input_file_ref idref="fl-c3"/>
      </object_component>
      <object_component id="oc-6f">
         <name>.debug_line</name>
         <load_address>0xdfc</load_address>
         <run_address>0xdfc</run_address>
         <size>0x33</size>
         <input_file_ref idref="fl-c4"/>
      </object_component>
      <object_component id="oc-5d">
         <name>.debug_line</name>
         <load_address>0xe2f</load_address>
         <run_address>0xe2f</run_address>
         <size>0x45</size>
         <input_file_ref idref="fl-c4"/>
      </object_component>
      <object_component id="oc-1dd">
         <name>.debug_line</name>
         <load_address>0xe74</load_address>
         <run_address>0xe74</run_address>
         <size>0x118</size>
         <input_file_ref idref="fl-c5"/>
      </object_component>
      <object_component id="oc-182">
         <name>.debug_line</name>
         <load_address>0xf8c</load_address>
         <run_address>0xf8c</run_address>
         <size>0x5c</size>
         <input_file_ref idref="fl-c5"/>
      </object_component>
      <object_component id="oc-13a">
         <name>.debug_line</name>
         <load_address>0xfe8</load_address>
         <run_address>0xfe8</run_address>
         <size>0x7d</size>
         <input_file_ref idref="fl-c5"/>
      </object_component>
      <object_component id="oc-1d9">
         <name>.debug_line</name>
         <load_address>0x1065</load_address>
         <run_address>0x1065</run_address>
         <size>0x189</size>
         <input_file_ref idref="fl-c6"/>
      </object_component>
      <object_component id="oc-138">
         <name>.debug_line</name>
         <load_address>0x11ee</load_address>
         <run_address>0x11ee</run_address>
         <size>0xe0</size>
         <input_file_ref idref="fl-c6"/>
      </object_component>
      <object_component id="oc-211">
         <name>.debug_line</name>
         <load_address>0x12ce</load_address>
         <run_address>0x12ce</run_address>
         <size>0x91</size>
         <input_file_ref idref="fl-c7"/>
      </object_component>
      <object_component id="oc-16c">
         <name>.debug_line</name>
         <load_address>0x135f</load_address>
         <run_address>0x135f</run_address>
         <size>0x6e</size>
         <input_file_ref idref="fl-c7"/>
      </object_component>
      <object_component id="oc-20e">
         <name>.debug_line</name>
         <load_address>0x13cd</load_address>
         <run_address>0x13cd</run_address>
         <size>0x91</size>
         <input_file_ref idref="fl-c7"/>
      </object_component>
      <object_component id="oc-248">
         <name>.debug_line</name>
         <load_address>0x145e</load_address>
         <run_address>0x145e</run_address>
         <size>0x110</size>
         <input_file_ref idref="fl-c8"/>
      </object_component>
      <object_component id="oc-1c8">
         <name>.debug_line</name>
         <load_address>0x156e</load_address>
         <run_address>0x156e</run_address>
         <size>0xa1</size>
         <input_file_ref idref="fl-c8"/>
      </object_component>
      <object_component id="oc-42">
         <name>.debug_line</name>
         <load_address>0x160f</load_address>
         <run_address>0x160f</run_address>
         <size>0x88</size>
         <input_file_ref idref="fl-c9"/>
      </object_component>
      <object_component id="oc-1ae">
         <name>.debug_line</name>
         <load_address>0x1697</load_address>
         <run_address>0x1697</run_address>
         <size>0xbf</size>
         <input_file_ref idref="fl-cb"/>
      </object_component>
      <object_component id="oc-f7">
         <name>.debug_line</name>
         <load_address>0x1756</load_address>
         <run_address>0x1756</run_address>
         <size>0x6f</size>
         <input_file_ref idref="fl-cb"/>
      </object_component>
      <object_component id="oc-1b2">
         <name>.debug_line</name>
         <load_address>0x17c5</load_address>
         <run_address>0x17c5</run_address>
         <size>0x2e</size>
         <input_file_ref idref="fl-cb"/>
      </object_component>
      <object_component id="oc-1e6">
         <name>.debug_line</name>
         <load_address>0x17f3</load_address>
         <run_address>0x17f3</run_address>
         <size>0x9a</size>
         <input_file_ref idref="fl-cb"/>
      </object_component>
      <object_component id="oc-1b7">
         <name>.debug_line</name>
         <load_address>0x188d</load_address>
         <run_address>0x188d</run_address>
         <size>0x97</size>
         <input_file_ref idref="fl-cb"/>
      </object_component>
      <object_component id="oc-1bc">
         <name>.debug_line</name>
         <load_address>0x1924</load_address>
         <run_address>0x1924</run_address>
         <size>0x93</size>
         <input_file_ref idref="fl-cb"/>
      </object_component>
      <object_component id="oc-9d">
         <name>.debug_line</name>
         <load_address>0x19b7</load_address>
         <run_address>0x19b7</run_address>
         <size>0x40</size>
         <input_file_ref idref="fl-cc"/>
      </object_component>
      <object_component id="oc-1ac">
         <name>.debug_line</name>
         <load_address>0x19f7</load_address>
         <run_address>0x19f7</run_address>
         <size>0x102</size>
         <input_file_ref idref="fl-ce"/>
      </object_component>
      <object_component id="oc-1a0">
         <name>.debug_line</name>
         <load_address>0x1af9</load_address>
         <run_address>0x1af9</run_address>
         <size>0x2a</size>
         <input_file_ref idref="fl-ce"/>
      </object_component>
      <object_component id="oc-ed">
         <name>.debug_line</name>
         <load_address>0x1b23</load_address>
         <run_address>0x1b23</run_address>
         <size>0x3c</size>
         <input_file_ref idref="fl-ce"/>
      </object_component>
      <object_component id="oc-f3">
         <name>.debug_line</name>
         <load_address>0x1b5f</load_address>
         <run_address>0x1b5f</run_address>
         <size>0x58</size>
         <input_file_ref idref="fl-ce"/>
      </object_component>
      <object_component id="oc-1e2">
         <name>.debug_line</name>
         <load_address>0x1bb7</load_address>
         <run_address>0x1bb7</run_address>
         <size>0x20</size>
         <input_file_ref idref="fl-cf"/>
      </object_component>
      <object_component id="oc-1a8">
         <name>.debug_line</name>
         <load_address>0x1bd7</load_address>
         <run_address>0x1bd7</run_address>
         <size>0x2b</size>
         <input_file_ref idref="fl-cf"/>
      </object_component>
      <object_component id="oc-1a3">
         <name>.debug_line</name>
         <load_address>0x1c02</load_address>
         <run_address>0x1c02</run_address>
         <size>0x3a</size>
         <input_file_ref idref="fl-cf"/>
      </object_component>
      <object_component id="oc-215">
         <name>.debug_line</name>
         <load_address>0x1c3c</load_address>
         <run_address>0x1c3c</run_address>
         <size>0x20</size>
         <input_file_ref idref="fl-d1"/>
      </object_component>
      <object_component id="oc-178">
         <name>.debug_line</name>
[...]
         <attributes>RX</attributes>
         <usage_details>
            <allocated_space>
               <start_address>0x0</start_address>
               <size>0x26c</size>
               <logical_group_ref idref="lg-3"/>
            </allocated_space>
            <allocated_space>
               <start_address>0x26c</start_address>
               <size>0x18c4</size>
               <logical_group_ref idref="lg-4"/>
            </allocated_space>
            <allocated_space>
               <start_address>0x1b30</start_address>
               <size>0x146</size>
               <logical_group_ref idref="lg-5"/>
            </allocated_space>
            <available_space>
               <start_address>0x1c76</start_address>
               <size>0x2</size>
            </available_space>
            <allocated_space>
               <start_address>0x1c78</start_address>
               <size>0x90</size>
               <logical_group_ref idref="lg-6"/>
            </allocated_space>
            <available_space>
               <start_address>0x1d08</start_address>
               <size>0x3e2f8</size>
            </available_space>
         </usage_details>
      </memory_area>
      <memory_area display="yes" color="green">
         <name>SRAM</name>
         <page_id>0x0</page_id>
         <origin>0x20000000</origin>
         <length>0x8000</length>
         <used_space>0x5c0</used_space>
         <unused_space>0x7a40</unused_space>
         <attributes>RWX</attributes>
         <usage_details>
            <allocated_space>
               <start_address>0x20000000</start_address>
               <size>0x0</size>
               <logical_group_ref idref="lg-31a"/>
            </allocated_space>
            <allocated_space>
               <start_address>0x20000000</start_address>
               <size>0x200</size>
               <logical_group_ref idref="lg-d"/>
            </allocated_space>
            <allocated_space>
               <start_address>0x20000200</start_address>
               <size>0x1e8</size>
               <logical_group_ref idref="lg-a"/>
            </allocated_space>
            <allocated_space>
               <start_address>0x200003e8</start_address>
               <size>0x1c8</size>
               <logical_group_ref idref="lg-b"/>
            </allocated_space>
            <allocated_space>
               <start_address>0x200005b0</start_address>
               <size>0x10</size>
               <logical_group_ref idref="lg-c"/>
            </allocated_space>
            <available_space>
               <start_address>0x200005c0</start_address>
               <size>0x7a40</size>
            </available_space>
         </usage_details>
      </memory_area>
   </placement_map>
   <cptbl_list>
      <cptbl>
         <name>__TI_cinit_table</name>
         <cprec>
            <name>.data</name>
            <load_address>0x1c78</load_address>
            <load_size>0x68</load_size>
            <run_address>0x20000200</run_address>
            <run_size>0x1e8</run_size>
            <compression>lzss</compression>
         </cprec>
         <cprec>
            <name>.bss</name>
            <load_address>0x1cf0</load_address>
            <load_size>0x8</load_size>
            <run_address>0x200003e8</run_address>
            <run_size>0x1c8</run_size>
            <compression>zero_init</compression>
         </cprec>
      </cptbl>
   </cptbl_list>
   <handler_table>
      <handler_table_name>__TI_handler_table</handler_table_name>
      <handler>
         <index>0x0</index>
         <name>__TI_decompress_lzss</name>
      </handler>
      <handler>
         <index>0x1</index>
         <name>__TI_decompress_none</name>
      </handler>
      <handler>
         <index>0x2</index>
         <name>__TI_zero_init</name>
      </handler>
   </handler_table>
   <symbol_table>
      <symbol id="sm-1">
         <name>__STACK_TOP</name>
         <value>0x20000200</value>
      </symbol>
      <symbol id="sm-2">
         <name>__start___llvm_prf_cnts</name>
         <value>0x20000000</value>
      </symbol>
      <symbol id="sm-3">
         <name>__stop___llvm_prf_cnts</name>
         <value>0x20000000</value>
      </symbol>
      <symbol id="sm-4">
         <name>__TI_CINIT_Base</name>
         <value>0x1cf8</value>
      </symbol>
      <symbol id="sm-5">
         <name>__TI_CINIT_Limit</name>
         <value>0x1d08</value>
      </symbol>
      <symbol id="sm-6">
         <name>__TI_Handler_Table_Base</name>
         <value>0x1ce0</value>
      </symbol>
      <symbol id="sm-7">
         <name>__TI_Handler_Table_Limit</name>
         <value>0x1cec</value>
      </symbol>
      <symbol id="sm-8">
         <name>binit</name>
         <value>0xffffffff</value>
      </symbol>
      <symbol id="sm-9">
         <name>__binit__</name>
         <value>0xffffffff</value>
      </symbol>
      <symbol id="sm-a">
         <name>__STACK_SIZE</name>
         <value>0x200</value>
      </symbol>
      <symbol id="sm-b">
         <name>__STACK_END</name>
         <value>0x20000200</value>
      </symbol>
      <symbol id="sm-c">
         <name>__SYSMEM_SIZE</name>
         <value>0x10</value>
      </symbol>
      <symbol id="sm-d">
         <name>__c_args__</name>
         <value>0xffffffff</value>
      </symbol>
      <symbol id="sm-e">
         <name>__TI_pprof_out_hndl</name>
         <value>0xffffffff</value>
      </symbol>
      <symbol id="sm-f">
         <name>__TI_prof_data_start</name>
         <value>0xffffffff</value>
      </symbol>
      <symbol id="sm-10">
         <name>__TI_prof_data_size</name>
         <value>0xffffffff</value>
      </symbol>
      <symbol id="sm-7f">
         <name>NVIC_DisableException</name>
         <value>0xb1f</value>
         <object_component_ref idref="oc-d5"/>
      </symbol>
      <symbol id="sm-80">
         <name>NVIC_SetPriorityIRQ</name>
         <value>0xa35</value>
         <object_component_ref idref="oc-d5"/>
      </symbol>
      <symbol id="sm-81">
         <name>NVIC_EnableException</name>
         <value>0xaa1</value>
         <object_component_ref idref="oc-d5"/>
      </symbol>
      <symbol id="sm-82">
         <name>NVIC_SetPriorityException</name>
         <value>0xb83</value>
         <object_component_ref idref="oc-d5"/>
      </symbol>
      <symbol id="sm-83">
         <name>NVIC_DisableIRQ</name>
         <value>0x99f</value>
         <object_component_ref idref="oc-d5"/>
      </symbol>
      <symbol id="sm-84">
         <name>NVIC_EnableIRQ</name>
         <value>0x909</value>
         <object_component_ref idref="oc-d5"/>
      </symbol>
      <symbol id="sm-a5">
         <name>SysTick_Handler</name>
         <value>0x10e5</value>
         <object_component_ref idref="oc-e2"/>
      </symbol>
      <symbol id="sm-a6">
         <name>SysTick_Stop</name>
         <value>0x1105</value>
         <object_component_ref idref="oc-e2"/>
      </symbol>
      <symbol id="sm-a7">
         <name>SysTick_DeInit</name>
         <value>0x111d</value>
         <object_component_ref idref="oc-e2"/>
      </symbol>
      <symbol id="sm-a8">
         <name>SysTick_StartBusyWait</name>
         <value>0x10a9</value>
         <object_component_ref idref="oc-e2"/>
      </symbol>
      <symbol id="sm-a9">
         <name>SysTick_Start</name>
         <value>0x1111</value>
         <object_component_ref idref="oc-e2"/>
      </symbol>
      <symbol id="sm-aa">
         <name>g_CallBackPtr</name>
         <value>0x200003e4</value>
         <object_component_ref idref="oc-144"/>
      </symbol>
      <symbol id="sm-ab">
         <name>SysTick_SetCallBack</name>
         <value>0x10f5</value>
         <object_component_ref idref="oc-e2"/>
      </symbol>
      <symbol id="sm-ac">
         <name>SysTick_Init</name>
         <value>0x1075</value>
         <object_component_ref idref="oc-e2"/>
      </symbol>
      <symbol id="sm-ff">
         <name>Test_Exceptions_Settings</name>
         <value>0x2c5</value>
         <object_component_ref idref="oc-a2"/>
      </symbol>
      <symbol id="sm-100">
         <name>Leds_Init</name>
         <value>0x26d</value>
         <object_component_ref idref="oc-a2"/>
      </symbol>
      <symbol id="sm-101">
         <name>main</name>
         <value>0x891</value>
         <object_component_ref idref="oc-a2"/>
      </symbol>
      <symbol id="sm-12c">
         <name>ResetISR</name>
         <value>0x1b15</value>
         <object_component_ref idref="oc-2a"/>
      </symbol>
      <symbol id="sm-12d">
         <name>g_pfnVectors</name>
         <value>0x0</value>
         <object_component_ref idref="oc-12"/>
      </symbol>
      <symbol id="sm-146">
         <name>__TI_zero_init_nomemset</name>
         <value>0x1a79</value>
         <object_component_ref idref="oc-4a"/>
      </symbol>
      <symbol id="sm-15d">
         <name>__TI_decompress_none</name>
         <value>0x1b07</value>
         <object_component_ref idref="oc-1b"/>
      </symbol>
      <symbol id="sm-180">
         <name>__TI_decompress_lzss</name>
         <value>0x141d</value>
         <object_component_ref idref="oc-15"/>
      </symbol>
      <symbol id="sm-194">
         <name>_abort_msg</name>
         <value>0x1a5d</value>
         <object_component_ref idref="oc-db"/>
      </symbol>
      <symbol id="sm-1a9">
         <name>__TI_tmpnams</name>
         <value>0x20000508</value>
      </symbol>
      <symbol id="sm-1aa">
         <name>__aeabi_stdout</name>
         <value>0x200003c0</value>
         <object_component_ref idref="oc-18b"/>
      </symbol>
      <symbol id="sm-1ab">
         <name>__aeabi_stderr</name>
         <value>0x200003c4</value>
         <object_component_ref idref="oc-18b"/>
      </symbol>
      <symbol id="sm-1ac">
         <name>__aeabi_stdin</name>
         <value>0x200003bc</value>
         <object_component_ref idref="oc-18b"/>
      </symbol>
      <symbol id="sm-1ad">
         <name>_ftable</name>
         <value>0x20000200</value>
         <object_component_ref idref="oc-13f"/>
      </symbol>
      <symbol id="sm-1ae">
         <name>__TI_ft_end</name>
         <value>0x200003b8</value>
         <object_component_ref idref="oc-18b"/>
      </symbol>
      <symbol id="sm-1c1">
         <name>__stack</name>
         <value>0x20000000</value>
         <object_component_ref idref="oc-24"/>
      </symbol>
      <symbol id="sm-1c2">
         <name>_c_int00_noargs</name>
         <value>0x1935</value>
         <object_component_ref idref="oc-5c"/>
      </symbol>
      <symbol id="sm-1e3">
         <name>__TI_doflush</name>
         <value>0x16b9</value>
         <object_component_ref idref="oc-17d"/>
      </symbol>
      <symbol id="sm-1e4">
         <name>fflush</name>
         <value>0x11e9</value>
         <object_component_ref idref="oc-139"/>
      </symbol>
      <symbol id="sm-202">
         <name>fputs</name>
         <value>0xca1</value>
         <object_component_ref idref="oc-133"/>
      </symbol>
      <symbol id="sm-21a">
         <name>__TI_wrt_ok</name>
         <value>0x14e9</value>
         <object_component_ref idref="oc-16b"/>
      </symbol>
      <symbol id="sm-236">
         <name>setvbuf</name>
         <value>0xf99</value>
         <object_component_ref idref="oc-1c6"/>
      </symbol>
      <symbol id="sm-251">
         <name>memcpy</name>
         <value>0x114d</value>
         <object_component_ref idref="oc-3e"/>
      </symbol>
      <symbol id="sm-252">
         <name>__aeabi_memcpy</name>
         <value>0x114d</value>
         <object_component_ref idref="oc-3e"/>
      </symbol>
      <symbol id="sm-253">
         <name>__aeabi_memcpy8</name>
         <value>0x114d</value>
         <object_component_ref idref="oc-3e"/>
      </symbol>
      <symbol id="sm-254">
         <name>__aeabi_memcpy4</name>
         <value>0x114d</value>
         <object_component_ref idref="oc-3e"/>
      </symbol>
      <symbol id="sm-27d">
         <name>__TI_auto_init_nobinit_nopinit</name>
         <value>0x17d5</value>
         <object_component_ref idref="oc-f5"/>
      </symbol>
      <symbol id="sm-287">
         <name>_system_pre_init</name>
         <value>0x1b29</value>
         <object_component_ref idref="oc-9c"/>
      </symbol>
      <symbol id="sm-2ae">
         <name>C$$EXIT</name>
         <value>0x1b2d</value>
         <object_component_ref idref="oc-e9"/>
      </symbol>
      <symbol id="sm-2af">
         <name>abort</name>
         <value>0x1b2d</value>
         <object_component_ref idref="oc-e9"/>
      </symbol>
      <symbol id="sm-2b0">
         <name>__TI_dtors_ptr</name>
         <value>0x200003cc</value>
         <object_component_ref idref="oc-14a"/>
      </symbol>
      <symbol id="sm-2b1">
         <name>__TI_cleanup_ptr</name>
         <value>0x200003c8</value>
         <object_component_ref idref="oc-14a"/>
      </symbol>
      <symbol id="sm-2b2">
         <name>__TI_enable_exit_profile_output</name>
         <value>0x200003d0</value>
         <object_component_ref idref="oc-14a"/>
      </symbol>
      <symbol id="sm-2b3">
         <name>exit</name>
         <value>0x1705</value>
         <object_component_ref idref="oc-ef"/>
      </symbol>
      <symbol id="sm-2c8">
         <name>_nop</name>
         <value>0x154b</value>
         <object_component_ref idref="oc-1a1"/>
      </symbol>
      <symbol id="sm-2c9">
         <name>_lock</name>
         <value>0x200003d4</value>
         <object_component_ref idref="oc-14d"/>
      </symbol>
      <symbol id="sm-2ca">
         <name>_unlock</name>
         <value>0x200003d8</value>
         <object_component_ref idref="oc-14d"/>
      </symbol>
      <symbol id="sm-2db">
         <name>memchr</name>
         <value>0x1a3d</value>
         <object_component_ref idref="oc-177"/>
      </symbol>
      <symbol id="sm-364">
         <name>_sys_memory</name>
         <value>0x200005b0</value>
         <object_component_ref idref="oc-27"/>
      </symbol>
      <symbol id="sm-365">
         <name>free</name>
         <value>0xeb5</value>
         <object_component_ref idref="oc-1f7"/>
      </symbol>
      <symbol id="sm-366">
         <name>memalign</name>
         <value>0xdb5</value>
         <object_component_ref idref="oc-239"/>
      </symbol>
      <symbol id="sm-367">
         <name>malloc</name>
         <value>0x1b21</value>
         <object_component_ref idref="oc-1fd"/>
      </symbol>
      <symbol id="sm-368">
         <name>aligned_alloc</name>
         <value>0xdb5</value>
         <object_component_ref idref="oc-239"/>
      </symbol>
      <symbol id="sm-376">
         <name>strlen</name>
         <value>0x1af3</value>
         <object_component_ref idref="oc-171"/>
      </symbol>
      <symbol id="sm-390">
         <name>write</name>
         <value>0x1a15</value>
         <object_component_ref idref="oc-183"/>
      </symbol>
      <symbol id="sm-3a1">
         <name>_stream</name>
         <value>0x20000368</value>
         <object_component_ref idref="oc-1d3"/>
      </symbol>
      <symbol id="sm-3a2">
         <name>_device</name>
         <value>0x200002f0</value>
         <object_component_ref idref="oc-216"/>
      </symbol>
      <symbol id="sm-3b2">
         <name>__TI_cleanup</name>
         <value>0x18cd</value>
         <object_component_ref idref="oc-203"/>
      </symbol>
      <symbol id="sm-3c4">
         <name>fseek</name>
         <value>0x1485</value>
         <object_component_ref idref="oc-1c0"/>
      </symbol>
      <symbol id="sm-3d5">
         <name>HOSTclose</name>
         <value>0x174d</value>
         <object_component_ref idref="oc-24f"/>
      </symbol>
      <symbol id="sm-3e6">
         <name>HOSTlseek</name>
         <value>0x13b5</value>
         <object_component_ref idref="oc-261"/>
      </symbol>
      <symbol id="sm-3f8">
         <name>parmbuf</name>
         <value>0x200005a8</value>
      </symbol>
      <symbol id="sm-3f9">
         <name>HOSTopen</name>
         <value>0x154d</value>
         <object_component_ref idref="oc-249"/>
      </symbol>
      <symbol id="sm-40a">
         <name>HOSTread</name>
         <value>0x1609</value>
         <object_component_ref idref="oc-255"/>
      </symbol>
      <symbol id="sm-41b">
         <name>HOSTrename</name>
         <value>0x1349</value>
         <object_component_ref idref="oc-26d"/>
      </symbol>
      <symbol id="sm-42c">
         <name>HOSTunlink</name>
         <value>0x1791</value>
         <object_component_ref idref="oc-267"/>
      </symbol>
      <symbol id="sm-43d">
         <name>HOSTwrite</name>
         <value>0x1661</value>
         <object_component_ref idref="oc-25b"/>
      </symbol>
      <symbol id="sm-461">
         <name>__TI_readmsg</name>
         <value>0x1901</value>
         <object_component_ref idref="oc-29a"/>
      </symbol>
      <symbol id="sm-462">
         <name>C$$IO$$</name>
         <value>0x188b</value>
         <object_component_ref idref="oc-294"/>
      </symbol>
      <symbol id="sm-463">
         <name>__CIOBUF_</name>
         <value>0x200003e8</value>
         <object_component_ref idref="oc-2c5"/>
      </symbol>
      <symbol id="sm-464">
         <name>__TI_writemsg</name>
         <value>0x185d</value>
         <object_component_ref idref="oc-294"/>
      </symbol>
      <symbol id="sm-475">
         <name>lseek</name>
         <value>0x19ed</value>
         <object_component_ref idref="oc-1ef"/>
      </symbol>
      <symbol id="sm-48a">
         <name>__TI_closefile</name>
         <value>0x1265</value>
         <object_component_ref idref="oc-240"/>
      </symbol>
      <symbol id="sm-4b2">
         <name>finddevice</name>
         <value>0x1969</value>
         <object_component_ref idref="oc-2e9"/>
      </symbol>
      <symbol id="sm-4b3">
         <name>getdevice</name>
         <value>0x1819</value>
         <object_component_ref idref="oc-2bb"/>
      </symbol>
      <symbol id="sm-4c3">
         <name>strchr</name>
         <value>0x1ac9</value>
         <object_component_ref idref="oc-2dd"/>
      </symbol>
      <symbol id="sm-4d2">
         <name>strcmp</name>
         <value>0x1ab1</value>
         <object_component_ref idref="oc-302"/>
      </symbol>
      <symbol id="sm-4e0">
         <name>strcpy</name>
         <value>0x1adf</value>
         <object_component_ref idref="oc-2ae"/>
      </symbol>
      <symbol id="sm-4f0">
         <name>strncpy</name>
         <value>0x1895</value>
         <object_component_ref idref="oc-2e3"/>
      </symbol>
      <symbol id="sm-505">
         <name>close</name>
         <value>0x15ad</value>
         <object_component_ref idref="oc-285"/>
      </symbol>
      <symbol id="sm-515">
         <name>unlink</name>
         <value>0x1999</value>
         <object_component_ref idref="oc-28b"/>
      </symbol>
      <symbol id="sm-516">
         <name>__TI_static_base__</name>
         <value>0x0</value>
      </symbol>
      <symbol id="sm-519">
         <name>__mpu_init</name>
         <value>0x0</value>
      </symbol>
      <symbol id="sm-51a">
         <name>_system_post_cinit</name>
         <value>0x0</value>
      </symbol>
      <symbol id="sm-51b">
         <name>remove</name>
         <value>0x1999</value>
      </symbol>
   </symbol_table>
   <title>Link successful</title>
</link_info>
