******************************************************************************
                  TI ARM Linker PC v20.2.7                     
******************************************************************************
>> Linked Sat Aug  3 11:08:01 2024

OUTPUT FILE NAME:   <ARM_FINAL_PROJECT.out>
ENTRY POINT SYMBOL: "_c_int00_noargs"  address: 00001935


MEMORY CONFIGURATION

         name            origin    length      used     unused   attr    fill
----------------------  --------  ---------  --------  --------  ----  --------
  FLASH                 00000000   00040000  00001d06  0003e2fa  R  X
  SRAM                  20000000   00008000  000005c0  00007a40  RW X


SEGMENT ALLOCATION MAP

run origin  load origin   length   init length attrs members
----------  ----------- ---------- ----------- ----- -------
00000000    00000000    00001d08   00001d08    r-x
  00000000    00000000    0000026c   0000026c    r-- .intvecs
  0000026c    0000026c    000018c4   000018c4    r-x .text
  00001b30    00001b30    00000146   00000146    r-- .const
  00001c78    00001c78    00000090   00000090    r-- .cinit
20000000    20000000    000005c0   00000000    rw-
  20000000    20000000    00000200   00000000    rw- .stack
  20000200    20000200    000001e8   00000000    rw- .data
  200003e8    200003e8    000001c8   00000000    rw- .bss
  200005b0    200005b0    00000010   00000000    rw- .sysmem


SECTION ALLOCATION MAP

 output                                  attributes/
section   page    origin      length       input sections
--------  ----  ----------  ----------   ----------------
.intvecs   0    00000000    0000026c     
                  00000000    0000026c     tm4c123gh6pm_startup_ccs.obj (.intvecs)

.text      0    0000026c    000018c4     
                  0000026c    0000069c     main.obj (.text)
                  00000908    00000398     NVIC.obj (.text)
                  00000ca0    00000114     rtsv7M4_T_le_v4SPD16_eabi.lib : fputs.c.obj (.text:fputs)
                  00000db4    00000100                                   : memory.c.obj (.text:aligned_alloc)
                  00000eb4    000000e4                                   : memory.c.obj (.text:free)
                  00000f98    000000dc                                   : setvbuf.c.obj (.text:setvbuf)
                  00001074    000000d8     SysTick.obj (.text)
                  0000114c    0000009c     rtsv7M4_T_le_v4SPD16_eabi.lib : memcpy_t2.asm.obj (.text)
                  000011e8    0000007c                                   : fflush.c.obj (.text:fflush)
                  00001264    00000074                                   : fclose.c.obj (.text:__TI_closefile)
                  000012d8    00000070                                   : memory.c.obj (.text:split)
                  00001348    0000006c                                   : hostrename.c.obj (.text:HOSTrename)
                  000013b4    00000068                                   : hostlseek.c.obj (.text:HOSTlseek)
                  0000141c    00000068                                   : copy_decompress_lzss.c.obj (.text:decompress:lzss:__TI_decompress_lzss)
                  00001484    00000064                                   : fseek.c.obj (.text:fseek)
                  000014e8    00000062                                   : _io_perm.c.obj (.text:__TI_wrt_ok)
                  0000154a    00000002                                   : _lock.c.obj (.text:_nop)
                  0000154c    00000060                                   : hostopen.c.obj (.text:HOSTopen)
                  000015ac    0000005c                                   : close.c.obj (.text:close)
                  00001608    00000058                                   : hostread.c.obj (.text:HOSTread)
                  00001660    00000058                                   : hostwrite.c.obj (.text:HOSTwrite)
                  000016b8    0000004c                                   : fflush.c.obj (.text:__TI_doflush)
                  00001704    00000048                                   : exit.c.obj (.text:exit)
                  0000174c    00000044                                   : hostclose.c.obj (.text:HOSTclose)
                  00001790    00000044                                   : hostunlink.c.obj (.text:HOSTunlink)
                  000017d4    00000044                                   : autoinit.c.obj (.text:__TI_auto_init_nobinit_nopinit:__TI_auto_init_nobinit_nopinit)
                  00001818    00000044                                   : getdevice.c.obj (.text:getdevice)
                  0000185c    00000038                                   : trgmsg.c.obj (.text:__TI_writemsg)
                  00001894    00000036                                   : strncpy.c.obj (.text:strncpy)
                  000018ca    00000002     --HOLE-- [fill = 0]
                  000018cc    00000034                                   : fopen.c.obj (.text:__TI_cleanup)
                  00001900    00000034                                   : trgmsg.c.obj (.text:__TI_readmsg)
                  00001934    00000034                                   : boot_cortex_m.c.obj (.text:_c_int00_noargs:_c_int00_noargs)
                  00001968    00000030                                   : getdevice.c.obj (.text:finddevice)
                  00001998    0000002c                                   : unlink.c.obj (.text:unlink)
                  000019c4    00000028                                   : memory.c.obj (.text:free_list_insert)
                  000019ec    00000028                                   : lseek.c.obj (.text:lseek)
                  00001a14    00000028                                   : write.c.obj (.text:write)
                  00001a3c    00000020                                   : memchr.c.obj (.text:memchr)
                  00001a5c    0000001c                                   : assert.c.obj (.text:_abort_msg)
                  00001a78    0000001c                                   : copy_zero_init.c.obj (.text:decompress:ZI:__TI_zero_init_nomemset:__TI_zero_init_nomemset)
                  00001a94    0000001c                                   : memory.c.obj (.text:free_list_remove)
                  00001ab0    00000018                                   : strcmp.c.obj (.text:strcmp)
                  00001ac8    00000016                                   : strchr.c.obj (.text:strchr)
                  00001ade    00000014                                   : strcpy.c.obj (.text:strcpy)
                  00001af2    00000014                                   : strlen.c.obj (.text:strlen)
                  00001b06    0000000e                                   : copy_decompress_none.c.obj (.text:decompress:none:__TI_decompress_none)
                  00001b14    0000000c     tm4c123gh6pm_startup_ccs.obj (.text)
                  00001b20    00000008     rtsv7M4_T_le_v4SPD16_eabi.lib : memory.c.obj (.text:malloc)
                  00001b28    00000004                                   : pre_init.c.obj (.text:_system_pre_init)
                  00001b2c    00000004                                   : exit.c.obj (.text:abort:abort)

.const     0    00001b30    00000146     
                  00001b30    00000146     main.obj (.const:.string)

.cinit     0    00001c78    00000090     
                  00001c78    00000068     (.cinit..data.load) [load image, compression = lzss]
                  00001ce0    0000000c     (__TI_handler_table)
                  00001cec    00000004     --HOLE-- [fill = 0]
                  00001cf0    00000008     (.cinit..bss.load) [load image, compression = zero_init]
                  00001cf8    00000010     (__TI_cinit_table)

.init_array 
*          0    00000000    00000000     UNINITIALIZED

.stack     0    20000000    00000200     UNINITIALIZED
                  20000000    00000004     rtsv7M4_T_le_v4SPD16_eabi.lib : boot_cortex_m.c.obj (.stack)
                  20000004    000001fc     --HOLE--

.data      0    20000200    000001e8     UNINITIALIZED
                  20000200    000000f0     rtsv7M4_T_le_v4SPD16_eabi.lib : defs.c.obj (.data:_ftable)
                  200002f0    00000078                                   : host_device.c.obj (.data:_device)
                  20000368    00000050                                   : host_device.c.obj (.data:_stream)
                  200003b8    00000010                                   : defs.c.obj (.data)
                  200003c8    0000000c                                   : exit.c.obj (.data:$O1$$)
                  200003d4    00000008                                   : _lock.c.obj (.data:$O1$$)
                  200003dc    00000008                                   : memory.c.obj (.data:$O1$$)
                  200003e4    00000004     SysTick.obj (.data)

.bss       0    200003e8    000001c8     UNINITIALIZED
                  200003e8    00000120     rtsv7M4_T_le_v4SPD16_eabi.lib : trgmsg.c.obj (.bss:_CIOBUF_)
                  20000508    000000a0     (.common:__TI_tmpnams)
                  200005a8    00000008     (.common:parmbuf)

.sysmem    0    200005b0    00000010     UNINITIALIZED
                  200005b0    00000010     rtsv7M4_T_le_v4SPD16_eabi.lib : memory.c.obj (.sysmem)

__llvm_prf_cnts 
*          0    20000000    00000000     UNINITIALIZED

MODULE SUMMARY

       Module                         code   ro data   rw data
       ------                         ----   -------   -------
    .\
       main.obj                       1692   326       0      
       NVIC.obj                       920    0         0      
       tm4c123gh6pm_startup_ccs.obj   12     620       0      
       SysTick.obj                    216    0         4      
    +--+------------------------------+------+---------+---------+
       Total:                         2840   946       4      
                                                              
    C:\ti\ccs1271\ccs\tools\compiler\ti-cgt-arm_20.2.7.LTS\lib\rtsv7M4_T_le_v4SPD16_eabi.lib
       memory.c.obj                   672    0         8      
       defs.c.obj                     0      0         416    
       trgmsg.c.obj                   108    0         288    
       fputs.c.obj                    276    0         0      
       setvbuf.c.obj                  220    0         0      
       fflush.c.obj                   200    0         0      
       host_device.c.obj              0      0         200    
       memcpy_t2.asm.obj              156    0         0      
       fclose.c.obj                   116    0         0      
       getdevice.c.obj                116    0         0      
       hostrename.c.obj               108    0         0      
       copy_decompress_lzss.c.obj     104    0         0      
       hostlseek.c.obj                104    0         0      
       hostopen.c.obj                 96     0         8      
       fseek.c.obj                    100    0         0      
       _io_perm.c.obj                 98     0         0      
       close.c.obj                    92     0         0      
       exit.c.obj                     76     0         12     
       hostread.c.obj                 88     0         0      
       hostwrite.c.obj                88     0         0      
       autoinit.c.obj                 68     0         0      
       hostclose.c.obj                68     0         0      
       hostunlink.c.obj               68     0         0      
       strncpy.c.obj                  54     0         0      
       boot_cortex_m.c.obj            52     0         0      
       fopen.c.obj                    52     0         0      
       unlink.c.obj                   44     0         0      
       lseek.c.obj                    40     0         0      
       write.c.obj                    40     0         0      
       memchr.c.obj                   32     0         0      
       assert.c.obj                   28     0         0      
       copy_zero_init.c.obj           28     0         0      
       strcmp.c.obj                   24     0         0      
       strchr.c.obj                   22     0         0      
       strcpy.c.obj                   20     0         0      
       strlen.c.obj                   20     0         0      
       copy_decompress_none.c.obj     14     0         0      
       _lock.c.obj                    2      0         8      
       pre_init.c.obj                 4      0         0      
    +--+------------------------------+------+---------+---------+
       Total:                         3498   0         940    
                                                              
       Heap:                          0      0         16     
       Stack:                         0      0         512    
       Linker Generated:              0      140       0      
    +--+------------------------------+------+---------+---------+
       Grand Total:                   6338   1086      1472   


LINKER GENERATED COPY TABLES

__TI_cinit_table @ 00001cf8 records: 2, size/record: 8, table size: 16
	.data: load addr=00001c78, load size=00000068 bytes, run addr=20000200, run size=000001e8 bytes, compression=lzss
	.bss: load addr=00001cf0, load size=00000008 bytes, run addr=200003e8, run size=000001c8 bytes, compression=zero_init


LINKER GENERATED HANDLER TABLE

__TI_handler_table @ 00001ce0 records: 3, size/record: 4, table size: 12
	index: 0, handler: __TI_decompress_lzss
	index: 1, handler: __TI_decompress_none
	index: 2, handler: __TI_zero_init


GLOBAL SYMBOLS: SORTED ALPHABETICALLY BY Name 

address   name                           
-------   ----                           
00001b2d  C$$EXIT                        
0000188b  C$$IO$$                        
0000174d  HOSTclose                      
000013b5  HOSTlseek                      
0000154d  HOSTopen                       
00001609  HOSTread                       
00001349  HOSTrename                     
00001791  HOSTunlink                     
00001661  HOSTwrite                      
0000026d  Leds_Init                      
00000b1f  NVIC_DisableException          
0000099f  NVIC_DisableIRQ                
00000aa1  NVIC_EnableException           
00000909  NVIC_EnableIRQ                 
00000b83  NVIC_SetPriorityException      
00000a35  NVIC_SetPriorityIRQ            
00001b15  ResetISR                       
0000111d  SysTick_DeInit                 
000010e5  SysTick_Handler                
00001075  SysTick_Init                   
000010f5  SysTick_SetCallBack            
00001111  SysTick_Start                  
000010a9  SysTick_StartBusyWait          
00001105  SysTick_Stop                   
000002c5  Test_Exceptions_Settings       
200003e8  __CIOBUF_                      
20000200  __STACK_END                    
00000200  __STACK_SIZE                   
20000200  __STACK_TOP                    
00000010  __SYSMEM_SIZE                  
00001cf8  __TI_CINIT_Base                
00001d08  __TI_CINIT_Limit               
00001ce0  __TI_Handler_Table_Base        
00001cec  __TI_Handler_Table_Limit       
000017d5  __TI_auto_init_nobinit_nopinit 
000018cd  __TI_cleanup                   
200003c8  __TI_cleanup_ptr               
00001265  __TI_closefile                 
0000141d  __TI_decompress_lzss           
00001b07  __TI_decompress_none           
000016b9  __TI_doflush                   
200003cc  __TI_dtors_ptr                 
200003d0  __TI_enable_exit_profile_output
200003b8  __TI_ft_end                    
ffffffff  __TI_pprof_out_hndl            
ffffffff  __TI_prof_data_size            
ffffffff  __TI_prof_data_start           
00001901  __TI_readmsg                   
00000000  __TI_static_base__             
20000508  __TI_tmpnams                   
0000185d  __TI_writemsg                  
000014e9  __TI_wrt_ok                    
00001a79  __TI_zero_init_nomemset        
0000114d  __aeabi_memcpy                 
0000114d  __aeabi_memcpy4                
0000114d  __aeabi_memcpy8                
200003c4  __aeabi_stderr                 
200003bc  __aeabi_stdin                  
200003c0  __aeabi_stdout                 
ffffffff  __binit__                      
ffffffff  __c_args__                     
UNDEFED   __mpu_init                     
20000000  __stack                        
20000000  __start___llvm_prf_cnts        
20000000  __stop___llvm_prf_cnts         
00001a5d  _abort_msg                     
00001935  _c_int00_noargs                
200002f0  _device                        
20000200  _ftable                        
200003d4  _lock                          
0000154b  _nop                           
20000368  _stream                        
200005b0  _sys_memory                    
UNDEFED   _system_post_cinit             
00001b29  _system_pre_init               
200003d8  _unlock                        
00001b2d  abort                          
00000db5  aligned_alloc                  
ffffffff  binit                          
000015ad  close                          
00001705  exit                           
000011e9  fflush                         
00001969  finddevice                     
00000ca1  fputs                          
00000eb5  free                           
00001485  fseek                          
200003e4  g_CallBackPtr                  
00000000  g_pfnVectors                   
00001819  getdevice                      
000019ed  lseek                          
00000891  main                           
00001b21  malloc                         
00000db5  memalign                       
00001a3d  memchr                         
0000114d  memcpy                         
200005a8  parmbuf                        
00001999  remove                         
00000f99  setvbuf                        
00001ac9  strchr                         
00001ab1  strcmp                         
00001adf  strcpy                         
00001af3  strlen                         
00001895  strncpy                        
00001999  unlink                         
00001a15  write                          


GLOBAL SYMBOLS: SORTED BY Symbol Address 

address   name                           
-------   ----                           
00000000  __TI_static_base__             
00000000  g_pfnVectors                   
00000010  __SYSMEM_SIZE                  
00000200  __STACK_SIZE                   
0000026d  Leds_Init                      
000002c5  Test_Exceptions_Settings       
00000891  main                           
00000909  NVIC_EnableIRQ                 
0000099f  NVIC_DisableIRQ                
00000a35  NVIC_SetPriorityIRQ            
00000aa1  NVIC_EnableException           
00000b1f  NVIC_DisableException          
00000b83  NVIC_SetPriorityException      
00000ca1  fputs                          
00000db5  aligned_alloc                  
00000db5  memalign                       
00000eb5  free                           
00000f99  setvbuf                        
00001075  SysTick_Init                   
000010a9  SysTick_StartBusyWait          
000010e5  SysTick_Handler                
000010f5  SysTick_SetCallBack            
00001105  SysTick_Stop                   
00001111  SysTick_Start                  
0000111d  SysTick_DeInit                 
0000114d  __aeabi_memcpy                 
0000114d  __aeabi_memcpy4                
0000114d  __aeabi_memcpy8                
0000114d  memcpy                         
000011e9  fflush                         
00001265  __TI_closefile                 
00001349  HOSTrename                     
000013b5  HOSTlseek                      
0000141d  __TI_decompress_lzss           
00001485  fseek                          
000014e9  __TI_wrt_ok                    
0000154b  _nop                           
0000154d  HOSTopen                       
000015ad  close                          
00001609  HOSTread                       
00001661  HOSTwrite                      
000016b9  __TI_doflush                   
00001705  exit                           
0000174d  HOSTclose                      
00001791  HOSTunlink                     
000017d5  __TI_auto_init_nobinit_nopinit 
00001819  getdevice                      
0000185d  __TI_writemsg                  
0000188b  C$$IO$$                        
00001895  strncpy                        
000018cd  __TI_cleanup                   
00001901  __TI_readmsg                   
00001935  _c_int00_noargs                
00001969  finddevice                     
00001999  remove                         
00001999  unlink                         
000019ed  lseek                          
00001a15  write                          
00001a3d  memchr                         
00001a5d  _abort_msg                     
00001a79  __TI_zero_init_nomemset        
00001ab1  strcmp                         
00001ac9  strchr                         
00001adf  strcpy                         
00001af3  strlen                         
00001b07  __TI_decompress_none           
00001b15  ResetISR                       
00001b21  malloc                         
00001b29  _system_pre_init               
00001b2d  C$$EXIT                        
00001b2d  abort                          
00001ce0  __TI_Handler_Table_Base        
00001cec  __TI_Handler_Table_Limit       
00001cf8  __TI_CINIT_Base                
00001d08  __TI_CINIT_Limit               
20000000  __stack                        
20000000  __start___llvm_prf_cnts        
20000000  __stop___llvm_prf_cnts         
20000200  __STACK_END                    
20000200  __STACK_TOP                    
20000200  _ftable                        
200002f0  _device                        
20000368  _stream                        
200003b8  __TI_ft_end                    
200003bc  __aeabi_stdin                  
200003c0  __aeabi_stdout                 
200003c4  __aeabi_stderr                 
200003c8  __TI_cleanup_ptr               
200003cc  __TI_dtors_ptr                 
200003d0  __TI_enable_exit_profile_output
200003d4  _lock                          
200003d8  _unlock                        
200003e4  g_CallBackPtr                  
200003e8  __CIOBUF_                      
20000508  __TI_tmpnams                   
200005a8  parmbuf                        
200005b0  _sys_memory                    
ffffffff  __TI_pprof_out_hndl            
ffffffff  __TI_prof_data_size            
ffffffff  __TI_prof_data_start           
ffffffff  __binit__                      
ffffffff  __c_args__                     
ffffffff  binit                          
UNDEFED   __mpu_init                     
UNDEFED   _system_post_cinit             

[105 symbols]
