******************************************************************************
                  TI ARM Linker PC v20.2.7                     
******************************************************************************
>> Linked Sat Aug  3 12:07:43 2024

OUTPUT FILE NAME:   <ARM_FINAL_PROJECT_APP3.out>
ENTRY POINT SYMBOL: "_c_int00_noargs"  address: 00000825


MEMORY CONFIGURATION

         name            origin    length      used     unused   attr    fill
----------------------  --------  ---------  --------  --------  ----  --------
  FLASH                 00000000   00040000  0000096a  0003f696  R  X
  SRAM                  20000000   00008000  00000205  00007dfb  RW X


SEGMENT ALLOCATION MAP

run origin  load origin   length   init length attrs members
----------  ----------- ---------- ----------- ----- -------
00000000    00000000    00000970   00000970    r-x
  00000000    00000000    0000026c   0000026c    r-- .intvecs
  0000026c    0000026c    00000626   00000626    r-x .text
  00000894    00000894    000000c0   000000c0    r-- .const
  00000958    00000958    00000018   00000018    r-- .cinit
20000000    20000000    00000205   00000000    rw-
  20000000    20000000    00000200   00000000    rw- .stack
  20000200    20000200    00000005   00000000    rw- .data


SECTION ALLOCATION MAP

 output                                  attributes/
section   page    origin      length       input sections
--------  ----  ----------  ----------   ----------------
.intvecs   0    00000000    0000026c     
                  00000000    0000026c     tm4c123gh6pm_startup_ccs.obj (.intvecs)

.text      0    0000026c    00000626     
                  0000026c    0000021c     main.obj (.text)
                  00000488    0000017c     NVIC_driver.obj (.text)
                  00000604    000000d8     systick_driver.obj (.text)
                  000006dc    0000009c     rtsv7M4_T_le_v4SPD16_eabi.lib : memcpy_t2.asm.obj (.text)
                  00000778    00000068                                   : copy_decompress_lzss.c.obj (.text:decompress:lzss:__TI_decompress_lzss)
                  000007e0    00000044                                   : autoinit.c.obj (.text:__TI_auto_init_nobinit_nopinit:__TI_auto_init_nobinit_nopinit)
                  00000824    00000034                                   : boot_cortex_m.c.obj (.text:_c_int00_noargs:_c_int00_noargs)
                  00000858    00000018                                   : ll_mul_t2.asm.obj (.text)
                  00000870    0000000e                                   : copy_decompress_none.c.obj (.text:decompress:none:__TI_decompress_none)
                  0000087e    0000000c     tm4c123gh6pm_startup_ccs.obj (.text)
                  0000088a    00000004     rtsv7M4_T_le_v4SPD16_eabi.lib : pre_init.c.obj (.text:_system_pre_init)
                  0000088e    00000004                                   : exit.c.obj (.text:abort:abort)

.const     0    00000894    000000c0     
                  00000894    0000008c     NVIC_driver.obj (.const:NVIC_PRI_REGS)
                  00000920    00000014     NVIC_driver.obj (.const:NVIC_DIS_REGS)
                  00000934    00000014     NVIC_driver.obj (.const:NVIC_EN_REGS)
                  00000948    0000000c     NVIC_driver.obj (.const:NVIC_SCB_PRI_REGS)

.cinit     0    00000958    00000018     
                  00000958    00000008     (__TI_handler_table)
                  00000960    00000007     (.cinit..data.load) [load image, compression = lzss]
                  00000967    00000001     --HOLE-- [fill = 0]
                  00000968    00000008     (__TI_cinit_table)

.init_array 
*          0    00000000    00000000     UNINITIALIZED

.data      0    20000200    00000005     UNINITIALIZED
                  20000200    00000004     systick_driver.obj (.data)
                  20000204    00000001     main.obj (.data)

.stack     0    20000000    00000200     UNINITIALIZED
                  20000000    00000004     rtsv7M4_T_le_v4SPD16_eabi.lib : boot_cortex_m.c.obj (.stack)
                  20000004    000001fc     --HOLE--

__llvm_prf_cnts 
*          0    20000000    00000000     UNINITIALIZED

MODULE SUMMARY

       Module                         code   ro data   rw data
       ------                         ----   -------   -------
    .\
       tm4c123gh6pm_startup_ccs.obj   12     620       0      
       NVIC_driver.obj                380    192       0      
       main.obj                       540    0         1      
       systick_driver.obj             216    0         4      
    +--+------------------------------+------+---------+---------+
       Total:                         1148   812       5      
                                                              
    C:\ti\ccs1271\ccs\tools\compiler\ti-cgt-arm_20.2.7.LTS\lib\rtsv7M4_T_le_v4SPD16_eabi.lib
       memcpy_t2.asm.obj              156    0         0      
       copy_decompress_lzss.c.obj     104    0         0      
       autoinit.c.obj                 68     0         0      
       boot_cortex_m.c.obj            52     0         0      
       ll_mul_t2.asm.obj              24     0         0      
       copy_decompress_none.c.obj     14     0         0      
       exit.c.obj                     4      0         0      
       pre_init.c.obj                 4      0         0      
    +--+------------------------------+------+---------+---------+
       Total:                         426    0         0      
                                                              
       Stack:                         0      0         512    
       Linker Generated:              0      23        0      
    +--+------------------------------+------+---------+---------+
       Grand Total:                   1574   835       517    


LINKER GENERATED COPY TABLES

__TI_cinit_table @ 00000968 records: 1, size/record: 8, table size: 8
	.data: load addr=00000960, load size=00000007 bytes, run addr=20000200, run size=00000005 bytes, compression=lzss


LINKER GENERATED HANDLER TABLE

__TI_handler_table @ 00000958 records: 2, size/record: 4, table size: 8
	index: 0, handler: __TI_decompress_lzss
	index: 1, handler: __TI_decompress_none


GLOBAL SYMBOLS: SORTED ALPHABETICALLY BY Name 

address   name                          
-------   ----                          
0000088f  C$$EXIT                       
0000026d  Delay_MS                      
000002ad  GPIOPortF_Handler             
0000036d  Leds_Init                     
00000920  NVIC_DIS_REGS                 
00000571  NVIC_DisableException         
000004bd  NVIC_DisableIRQ               
00000934  NVIC_EN_REGS                  
00000555  NVIC_EnableException          
00000489  NVIC_EnableIRQ                
00000894  NVIC_PRI_REGS                 
00000948  NVIC_SCB_PRI_REGS             
0000058d  NVIC_SetPriorityException     
000004f1  NVIC_SetPriorityIRQ           
0000087f  ResetISR                      
000002dd  SW2_Init                      
000003ab  SysTick_CallBackFunc          
000006b5  SysTick_DeInit                
0000067d  SysTick_Handler               
00000605  SysTick_Init                  
0000068d  SysTick_SetCallBack           
000006a9  SysTick_Start                 
0000063b  SysTick_StartBusyWait         
0000069d  SysTick_Stop                  
20000200  __STACK_END                   
00000200  __STACK_SIZE                  
20000200  __STACK_TOP                   
00000968  __TI_CINIT_Base               
00000970  __TI_CINIT_Limit              
00000958  __TI_Handler_Table_Base       
00000960  __TI_Handler_Table_Limit      
000007e1  __TI_auto_init_nobinit_nopinit
00000779  __TI_decompress_lzss          
00000871  __TI_decompress_none          
ffffffff  __TI_pprof_out_hndl           
ffffffff  __TI_prof_data_size           
ffffffff  __TI_prof_data_start          
00000000  __TI_static_base__            
00000859  __aeabi_lmul                  
000006dd  __aeabi_memcpy                
000006dd  __aeabi_memcpy4               
000006dd  __aeabi_memcpy8               
ffffffff  __binit__                     
ffffffff  __c_args__                    
UNDEFED   __mpu_init                    
20000000  __stack                       
20000000  __start___llvm_prf_cnts       
20000000  __stop___llvm_prf_cnts        
00000825  _c_int00_noargs               
UNDEFED   _system_post_cinit            
0000088b  _system_pre_init              
0000088f  abort                         
ffffffff  binit                         
20000204  g_Counter                     
00000000  g_pfnVectors                  
00000405  main                          
000006dd  memcpy                        


GLOBAL SYMBOLS: SORTED BY Symbol Address 

address   name                          
-------   ----                          
00000000  __TI_static_base__            
00000000  g_pfnVectors                  
00000200  __STACK_SIZE                  
0000026d  Delay_MS                      
000002ad  GPIOPortF_Handler             
000002dd  SW2_Init                      
0000036d  Leds_Init                     
000003ab  SysTick_CallBackFunc          
00000405  main                          
00000489  NVIC_EnableIRQ                
000004bd  NVIC_DisableIRQ               
000004f1  NVIC_SetPriorityIRQ           
00000555  NVIC_EnableException          
00000571  NVIC_DisableException         
0000058d  NVIC_SetPriorityException     
00000605  SysTick_Init                  
0000063b  SysTick_StartBusyWait         
0000067d  SysTick_Handler               
0000068d  SysTick_SetCallBack           
0000069d  SysTick_Stop                  
000006a9  SysTick_Start                 
000006b5  SysTick_DeInit                
000006dd  __aeabi_memcpy                
000006dd  __aeabi_memcpy4               
000006dd  __aeabi_memcpy8               
000006dd  memcpy                        
00000779  __TI_decompress_lzss          
000007e1  __TI_auto_init_nobinit_nopinit
00000825  _c_int00_noargs               
00000859  __aeabi_lmul                  
00000871  __TI_decompress_none          
0000087f  ResetISR                      
0000088b  _system_pre_init              
0000088f  C$$EXIT                       
0000088f  abort                         
00000894  NVIC_PRI_REGS                 
00000920  NVIC_DIS_REGS                 
00000934  NVIC_EN_REGS                  
00000948  NVIC_SCB_PRI_REGS             
00000958  __TI_Handler_Table_Base       
00000960  __TI_Handler_Table_Limit      
00000968  __TI_CINIT_Base               
00000970  __TI_CINIT_Limit              
20000000  __stack                       
20000000  __start___llvm_prf_cnts       
20000000  __stop___llvm_prf_cnts        
20000200  __STACK_END                   
20000200  __STACK_TOP                   
20000204  g_Counter                     
ffffffff  __TI_pprof_out_hndl           
ffffffff  __TI_prof_data_size           
ffffffff  __TI_prof_data_start          
ffffffff  __binit__                     
ffffffff  __c_args__                    
ffffffff  binit                         
UNDEFED   __mpu_init                    
UNDEFED   _system_post_cinit            

[57 symbols]
